Archive member included to satisfy reference by file (symbol)

/opt/devkitpro/libctru/lib/libctru.a(console.o)
                              main.o (consoleInit)
/opt/devkitpro/libctru/lib/libctru.a(gfx.o)
                              /opt/devkitpro/libctru/lib/libctru.a(console.o) (gfxIsWide)
/opt/devkitpro/libctru/lib/libctru.a(apt.o)
                              main.o (aptMainLoop)
/opt/devkitpro/libctru/lib/libctru.a(gspgpu.o)
                              /opt/devkitpro/libctru/lib/libctru.a(gfx.o) (gspInit)
/opt/devkitpro/libctru/lib/libctru.a(ctru_init.o)
                              /opt/devkitpro/libctru/lib/libctru.a(apt.o) (__system_retAddr)
/opt/devkitpro/libctru/lib/libctru.a(initArgv.o)
                              /opt/devkitpro/libctru/lib/libctru.a(ctru_init.o) (__system_initArgv)
/opt/devkitpro/libctru/lib/libctru.a(syscalls.o)
                              /opt/devkitpro/libctru/lib/libctru.a(ctru_init.o) (__system_initSyscalls)
/opt/devkitpro/libctru/lib/libctru.a(svc.o)
                              /opt/devkitpro/libctru/lib/libctru.a(apt.o) (svcSleepThread)
/opt/devkitpro/libctru/lib/libctru.a(stack_adjust.o)
                              /opt/devkitpro/devkitARM/bin/../lib/gcc/arm-none-eabi/14.2.0/../../../../arm-none-eabi/lib/armv6k/fpu/3dsx_crt0.o (initSystem)
/opt/devkitpro/libctru/lib/libctru.a(default_font.bin.o)
                              /opt/devkitpro/libctru/lib/libctru.a(console.o) (default_font_bin)
/opt/devkitpro/libctru/lib/libctru.a(linear.o)
                              /opt/devkitpro/libctru/lib/libctru.a(gfx.o) (linearAlloc)
/opt/devkitpro/libctru/lib/libctru.a(mem_pool.o)
                              /opt/devkitpro/libctru/lib/libctru.a(linear.o) (MemPool::Allocate(MemChunk&, unsigned long, int))
/opt/devkitpro/libctru/lib/libctru.a(vram.o)
                              /opt/devkitpro/libctru/lib/libctru.a(gfx.o) (vramAlloc)
/opt/devkitpro/libctru/lib/libctru.a(3dslink.o)
                              /opt/devkitpro/libctru/lib/libctru.a(initArgv.o) (__3dslink_host)
/opt/devkitpro/libctru/lib/libctru.a(os.o)
                              /opt/devkitpro/libctru/lib/libctru.a(syscalls.o) (osGetTime)
/opt/devkitpro/libctru/lib/libctru.a(srv.o)
                              /opt/devkitpro/libctru/lib/libctru.a(apt.o) (srvInit)
/opt/devkitpro/libctru/lib/libctru.a(synchronization.o)
                              /opt/devkitpro/libctru/lib/libctru.a(ctru_init.o) (__sync_init)
/opt/devkitpro/libctru/lib/libctru.a(thread.o)
                              /opt/devkitpro/libctru/lib/libctru.a(apt.o) (threadCreate)
/opt/devkitpro/libctru/lib/libctru.a(mappable.o)
                              /opt/devkitpro/libctru/lib/libctru.a(apt.o) (mappableAlloc)
/opt/devkitpro/libctru/lib/libctru.a(ptmsysm.o)
                              /opt/devkitpro/libctru/lib/libctru.a(os.o) (ptmSysmInit)
/opt/devkitpro/libctru/lib/libctru.a(srvpm.o)
                              /opt/devkitpro/libctru/lib/libctru.a(srv.o) (srvPmGetSessionHandle)
/opt/devkitpro/libctru/lib/libctru.a(soc_connect.o)
                              /opt/devkitpro/libctru/lib/libctru.a(3dslink.o) (connect)
/opt/devkitpro/libctru/lib/libctru.a(soc_socket.o)
                              /opt/devkitpro/libctru/lib/libctru.a(3dslink.o) (socket)
/opt/devkitpro/libctru/lib/libctru.a(rbtree_find.o)
                              /opt/devkitpro/libctru/lib/libctru.a(linear.o) (rbtree_find)
/opt/devkitpro/libctru/lib/libctru.a(rbtree_init.o)
                              /opt/devkitpro/libctru/lib/libctru.a(linear.o) (rbtree_init)
/opt/devkitpro/libctru/lib/libctru.a(rbtree_insert.o)
                              /opt/devkitpro/libctru/lib/libctru.a(linear.o) (rbtree_insert)
/opt/devkitpro/libctru/lib/libctru.a(rbtree_remove.o)
                              /opt/devkitpro/libctru/lib/libctru.a(linear.o) (rbtree_remove)
/opt/devkitpro/libctru/lib/libctru.a(rbtree_rotate.o)
                              /opt/devkitpro/libctru/lib/libctru.a(rbtree_insert.o) (rbtree_rotate)
/opt/devkitpro/libctru/lib/libctru.a(allocateHeaps.o)
                              /opt/devkitpro/libctru/lib/libctru.a(ctru_init.o) (__system_allocateHeaps)
/opt/devkitpro/libctru/lib/libctru.a(appExit.o)
                              /opt/devkitpro/libctru/lib/libctru.a(stack_adjust.o) (__appExit)
/opt/devkitpro/libctru/lib/libctru.a(appInit.o)
                              /opt/devkitpro/libctru/lib/libctru.a(stack_adjust.o) (__appInit)
/opt/devkitpro/libctru/lib/libctru.a(ctru_exit.o)
                              /opt/devkitpro/libctru/lib/libctru.a(stack_adjust.o) (__libctru_exit)
/opt/devkitpro/libctru/lib/libctru.a(archive_dev.o)
                              /opt/devkitpro/libctru/lib/libctru.a(appInit.o) (archiveMountSdmc)
/opt/devkitpro/libctru/lib/libctru.a(env.o)
                              /opt/devkitpro/libctru/lib/libctru.a(srv.o) (envGetHandle)
/opt/devkitpro/libctru/lib/libctru.a(path_buf.o)
[...]
Memory Configuration

Name             Origin             Length             Attributes
*default*        0x00000000         0xffffffff

Linker script and memory map

                0x00000000                        __sync_synchronize = __sync_synchronize_dmb
                0x00100000                        PROVIDE (__start__ = 0x100000)
                0x00100000                        . = __start__

.text           0x00100000    0x17f88
 *(.crt0)
 .crt0          0x00100000       0x94 /opt/devkitpro/devkitARM/bin/../lib/gcc/arm-none-eabi/14.2.0/../../../../arm-none-eabi/lib/armv6k/fpu/3dsx_crt0.o
                0x00100000                _start
                0x00100008                __service_ptr
                0x0010000c                __apt_appid
                0x00100010                __heap_size
                0x00100014                __linear_heap_size
                0x00100018                __system_arglist
                0x0010001c                __system_runflags
 *(.init)
 .init          0x00100094        0xc /opt/devkitpro/devkitARM/bin/../lib/gcc/arm-none-eabi/14.2.0/armv6k/fpu/crti.o
                0x00100094                _init
 .init          0x001000a0        0xc /opt/devkitpro/devkitARM/bin/../lib/gcc/arm-none-eabi/14.2.0/armv6k/fpu/crtn.o
                0x001000ac                        . = ALIGN (0x4)
 *(.text)
 .text          0x001000ac      0x240 /opt/devkitpro/devkitARM/bin/../lib/gcc/arm-none-eabi/14.2.0/armv6k/fpu/libgcc.a(_divsi3.o)
                0x001000ac                __aeabi_idiv
                0x001000ac                __divsi3
                0x001002cc                __aeabi_idivmod
 .text          0x001002ec        0x4 /opt/devkitpro/devkitARM/bin/../lib/gcc/arm-none-eabi/14.2.0/armv6k/fpu/libgcc.a(_dvmd_tls.o)
                0x001002ec                __aeabi_ldiv0
                0x001002ec                __aeabi_idiv0
 .text          0x001002f0       0x3c /opt/devkitpro/devkitARM/bin/../lib/gcc/arm-none-eabi/14.2.0/armv6k/fpu/libgcc.a(_aeabi_uldivmod.o)
                0x001002f0                __aeabi_uldivmod
 *fill*         0x0010032c       0x14 
 .text          0x00100340      0x390 /opt/devkitpro/devkitARM/bin/../lib/gcc/arm-none-eabi/14.2.0/../../../../arm-none-eabi/lib/armv6k/fpu/libg.a(libc_a-strcmp.o)
                0x00100348                strcmp
 .text          0x001006d0      0x20c /opt/devkitpro/devkitARM/bin/../lib/gcc/arm-none-eabi/14.2.0/armv6k/fpu/libgcc.a(_udivsi3.o)
                0x001006d0                __udivsi3
                0x001006d0                __aeabi_uidiv
                0x001008bc                __aeabi_uidivmod
 *(.text.*)
 .text.__do_global_dtors_aux
                0x001008dc       0x40 /opt/devkitpro/devkitARM/bin/../lib/gcc/arm-none-eabi/14.2.0/armv6k/fpu/crtbegin.o
 .text.frame_dummy
                0x0010091c       0x2c /opt/devkitpro/devkitARM/bin/../lib/gcc/arm-none-eabi/14.2.0/armv6k/fpu/crtbegin.o
 .text.startup.main
                0x00100948      0x364 main.o
                0x00100948                main
 .text.consoleHandleColorEsc
                0x00100cac      0x45c /opt/devkitpro/libctru/lib/libctru.a(console.o)
 .text.consoleColorStateShift
                0x00101108       0xb8 /opt/devkitpro/libctru/lib/libctru.a(console.o)
 .text.consoleDrawChar
                0x001011c0      0x1ac /opt/devkitpro/libctru/lib/libctru.a(console.o)
                0x001011c0                consoleDrawChar
 .text.consolePrintChar
                0x0010136c      0x11c /opt/devkitpro/libctru/lib/libctru.a(console.o)
                0x0010136c                consolePrintChar
 .text.con_write
                0x00101488      0x5ec /opt/devkitpro/libctru/lib/libctru.a(console.o)
                0x00101488                con_write
 .text.newRow   0x00101a74      0x124 /opt/devkitpro/libctru/lib/libctru.a(console.o)
 .text.consoleInit
                0x00101b98      0x18c /opt/devkitpro/libctru/lib/libctru.a(console.o)
                0x00101b98                consoleInit
 .text.gfxPresentFramebuffer
                0x00101d24       0xd0 /opt/devkitpro/libctru/lib/libctru.a(gfx.o)
 .text.gfxIsWide
                0x00101df4       0x1c /opt/devkitpro/libctru/lib/libctru.a(gfx.o)
                0x00101df4                gfxIsWide
 .text.gfxSetScreenFormat
                0x00101e10       0xec /opt/devkitpro/libctru/lib/libctru.a(gfx.o)
                0x00101e10                gfxSetScreenFormat
 .text.gfxSetDoubleBuffering
                0x00101efc       0x10 /opt/devkitpro/libctru/lib/libctru.a(gfx.o)
                0x00101efc                gfxSetDoubleBuffering
 .text.gfxInit  0x00101f0c       0xd8 /opt/devkitpro/libctru/lib/libctru.a(gfx.o)
                0x00101f0c                gfxInit
 .text.gfxInitDefault
                0x00101fe4       0x10 /opt/devkitpro/libctru/lib/libctru.a(gfx.o)
                0x00101fe4                gfxInitDefault
 .text.gfxExit  0x00101ff4       0xb4 /opt/devkitpro/libctru/lib/libctru.a(gfx.o)
                0x00101ff4                gfxExit
 .text.gfxGetFramebuffer
                0x001020a8       0xa0 /opt/devkitpro/libctru/lib/libctru.a(gfx.o)
                0x001020a8                gfxGetFramebuffer
 .text.gfxFlushBuffers
                0x00102148      0x100 /opt/devkitpro/libctru/lib/libctru.a(gfx.o)
                0x00102148                gfxFlushBuffers
 .text.gfxSwapBuffers
                0x00102248       0x50 /opt/devkitpro/libctru/lib/libctru.a(gfx.o)
                0x00102248                gfxSwapBuffers
 .text.gfxSwapBuffersGpu
                0x00102298       0x50 /opt/devkitpro/libctru/lib/libctru.a(gfx.o)
                0x00102298                gfxSwapBuffersGpu
 .text.aptConvertScreenForCapture
                0x001022e8      0x1b0 /opt/devkitpro/libctru/lib/libctru.a(apt.o)
 .text.aptDspSleep
                0x00102498        0x8 /opt/devkitpro/libctru/lib/libctru.a(apt.o)
                0x00102498                aptDspSleep
 .text.aptDspWakeup
                0x001024a0        0x4 /opt/devkitpro/libctru/lib/libctru.a(apt.o)
                0x001024a0                aptDspWakeup
 .text.aptDspCancel
                0x001024a4        0x4 /opt/devkitpro/libctru/lib/libctru.a(apt.o)
                0x001024a4                aptDspCancel
 .text.aptSendCommand
                0x001024a8      0x158 /opt/devkitpro/libctru/lib/libctru.a(apt.o)
                0x001024a8                aptSendCommand
 .text.aptExitProcess
                0x00102600       0x44 /opt/devkitpro/libctru/lib/libctru.a(apt.o)
 .text.aptExit  0x00102644      0x380 /opt/devkitpro/libctru/lib/libctru.a(apt.o)
                0x00102644                aptExit
 .text.aptHandleSleep
                0x001029c4       0xd8 /opt/devkitpro/libctru/lib/libctru.a(apt.o)
                0x001029c4                aptHandleSleep
 .text.APT_SleepIfShellClosed
                0x00102a9c       0x84 /opt/devkitpro/libctru/lib/libctru.a(apt.o)
                0x00102a9c                APT_SleepIfShellClosed
 .text.aptSetSleepAllowed
                0x00102b20       0x78 /opt/devkitpro/libctru/lib/libctru.a(apt.o)
                0x00102b20                aptSetSleepAllowed
 .text.APT_UnlockTransition
                0x00102b98       0x84 /opt/devkitpro/libctru/lib/libctru.a(apt.o)
                0x00102b98                APT_UnlockTransition
 *fill*         0x00102c1c        0x4 
 .text.aptEventHandler
                0x00102c20      0x478 /opt/devkitpro/libctru/lib/libctru.a(apt.o)
 .text.APT_ReceiveParameter
                0x00103098       0xb0 /opt/devkitpro/libctru/lib/libctru.a(apt.o)
                0x00103098                APT_ReceiveParameter
 .text.aptReceiveParameter.constprop.0
                0x00103148       0xac /opt/devkitpro/libctru/lib/libctru.a(apt.o)
 *fill*         0x001031f4        0x4 
 .text.aptScreenTransfer
                0x001031f8      0x294 /opt/devkitpro/libctru/lib/libctru.a(apt.o)
 .text.aptWaitForWakeUp.isra.0
                0x0010348c      0x2c8 /opt/devkitpro/libctru/lib/libctru.a(apt.o)
 .text.aptJumpToHomeMenu
                0x00103754       0xf4 /opt/devkitpro/libctru/lib/libctru.a(apt.o)
                0x00103754                aptJumpToHomeMenu
 .text.aptMainLoop
                0x00103848       0x48 /opt/devkitpro/libctru/lib/libctru.a(apt.o)
                0x00103848                aptMainLoop
 .text.aptInit  0x00103890      0x22c /opt/devkitpro/libctru/lib/libctru.a(apt.o)
                0x00103890                aptInit
 .text.APT_CheckNew3DS
                0x00103abc       0x7c /opt/devkitpro/libctru/lib/libctru.a(apt.o)
                0x00103abc                APT_CheckNew3DS
 .text.gspHardwareInit
                0x00103b38      0xc70 /opt/devkitpro/libctru/lib/libctru.a(gspgpu.o)
 .text.gspInit  0x001047a8      0x248 /opt/devkitpro/libctru/lib/libctru.a(gspgpu.o)
                0x001047a8                gspInit
 .text.gspExit  0x001049f0       0xe4 /opt/devkitpro/libctru/lib/libctru.a(gspgpu.o)
                0x001049f0                gspExit
 .text.gspHasGpuRight
                0x00104ad4       0x10 /opt/devkitpro/libctru/lib/libctru.a(gspgpu.o)
                0x00104ad4                gspHasGpuRight
 .text.gspPresentBuffer
                0x00104ae4       0xa0 /opt/devkitpro/libctru/lib/libctru.a(gspgpu.o)
                0x00104ae4                gspPresentBuffer
 .text.gspWaitForEvent
                0x00104b84       0x44 /opt/devkitpro/libctru/lib/libctru.a(gspgpu.o)
                0x00104b84                gspWaitForEvent
 .text.gxCmdQueueInterrupt
                0x00104bc8        0x4 /opt/devkitpro/libctru/lib/libctru.a(gspgpu.o)
                0x00104bc8                gxCmdQueueInterrupt
 .text.gspEventThreadMain
                0x00104bcc      0x160 /opt/devkitpro/libctru/lib/libctru.a(gspgpu.o)
 .text.GSPGPU_FlushDataCache
                0x00104d2c       0x50 /opt/devkitpro/libctru/lib/libctru.a(gspgpu.o)
                0x00104d2c                GSPGPU_FlushDataCache
 .text.GSPGPU_SetLcdForceBlack
                0x00104d7c       0x34 /opt/devkitpro/libctru/lib/libctru.a(gspgpu.o)
                0x00104d7c                GSPGPU_SetLcdForceBlack
 .text.GSPGPU_AcquireRight
                0x00104db0       0x68 /opt/devkitpro/libctru/lib/libctru.a(gspgpu.o)
                0x00104db0                GSPGPU_AcquireRight
 .text.GSPGPU_ReleaseRight
                0x00104e18       0x48 /opt/devkitpro/libctru/lib/libctru.a(gspgpu.o)
                0x00104e18                GSPGPU_ReleaseRight
 .text.GSPGPU_ImportDisplayCaptureInfo
                0x00104e60       0x7c /opt/devkitpro/libctru/lib/libctru.a(gspgpu.o)
                0x00104e60                GSPGPU_ImportDisplayCaptureInfo
 .text.GSPGPU_SaveVramSysArea
                0x00104edc       0x2c /opt/devkitpro/libctru/lib/libctru.a(gspgpu.o)
                0x00104edc                GSPGPU_SaveVramSysArea
 .text.GSPGPU_RestoreVramSysArea
                0x00104f08       0x2c /opt/devkitpro/libctru/lib/libctru.a(gspgpu.o)
                0x00104f08                GSPGPU_RestoreVramSysArea
 .text.__libctru_init
                0x00104f34       0x38 /opt/devkitpro/libctru/lib/libctru.a(ctru_init.o)
                0x00104f34                __libctru_init
 .text.__system_initArgv
                0x00104f6c      0x160 /opt/devkitpro/libctru/lib/libctru.a(initArgv.o)
                0x00104f6c                __system_initArgv
 .text.__syscall_getreent
                0x001050cc       0x30 /opt/devkitpro/libctru/lib/libctru.a(syscalls.o)
                0x001050cc                __syscall_getreent
 .text.__syscall_lock_acquire
                0x001050fc        0x4 /opt/devkitpro/libctru/lib/libctru.a(syscalls.o)
                0x001050fc                __syscall_lock_acquire
 .text.__syscall_lock_release
                0x00105100        0x4 /opt/devkitpro/libctru/lib/libctru.a(syscalls.o)
                0x00105100                __syscall_lock_release
 .text.__syscall_lock_acquire_recursive
                0x00105104        0x4 /opt/devkitpro/libctru/lib/libctru.a(syscalls.o)
                0x00105104                __syscall_lock_acquire_recursive
 .text.__syscall_lock_release_recursive
                0x00105108        0x4 /opt/devkitpro/libctru/lib/libctru.a(syscalls.o)
                0x00105108                __syscall_lock_release_recursive
 .text.__syscall_exit
                0x0010510c        0x4 /opt/devkitpro/libctru/lib/libctru.a(syscalls.o)
                0x0010510c                __syscall_exit
 .text.initThreadVars
                0x00105110       0x50 /opt/devkitpro/libctru/lib/libctru.a(syscalls.o)
                0x00105110                initThreadVars
 .text.__system_initSyscalls
                0x00105160       0x80 /opt/devkitpro/libctru/lib/libctru.a(syscalls.o)
                0x00105160                __system_initSyscalls
 .text.svcControlMemory
                0x001051e0       0x20 /opt/devkitpro/libctru/lib/libctru.a(svc.o)
                0x001051e0                svcControlMemory
 .text.svcQueryMemory
                0x00105200       0x30 /opt/devkitpro/libctru/lib/libctru.a(svc.o)
                0x00105200                svcQueryMemory
 .text.svcExitProcess
                0x00105230        0x8 /opt/devkitpro/libctru/lib/libctru.a(svc.o)
                0x00105230                svcExitProcess
 .text.svcCreateThread
                0x00105238       0x20 /opt/devkitpro/libctru/lib/libctru.a(svc.o)
                0x00105238                svcCreateThread
 .text.svcExitThread
                0x00105258        0x8 /opt/devkitpro/libctru/lib/libctru.a(svc.o)
                0x00105258                svcExitThread
 .text.svcSleepThread
                0x00105260        0x8 /opt/devkitpro/libctru/lib/libctru.a(svc.o)
                0x00105260                svcSleepThread
 .text.svcReleaseMutex
                0x00105268        0x8 /opt/devkitpro/libctru/lib/libctru.a(svc.o)
                0x00105268                svcReleaseMutex
 .text.svcCreateEvent
                0x00105270       0x14 /opt/devkitpro/libctru/lib/libctru.a(svc.o)
                0x00105270                svcCreateEvent
 .text.svcSignalEvent
                0x00105284        0x8 /opt/devkitpro/libctru/lib/libctru.a(svc.o)
                0x00105284                svcSignalEvent
 .text.svcClearEvent
                0x0010528c        0x8 /opt/devkitpro/libctru/lib/libctru.a(svc.o)
                0x0010528c                svcClearEvent
 .text.svcMapMemoryBlock
                0x00105294        0x8 /opt/devkitpro/libctru/lib/libctru.a(svc.o)
                0x00105294                svcMapMemoryBlock
 .text.svcUnmapMemoryBlock
                0x0010529c        0x8 /opt/devkitpro/libctru/lib/libctru.a(svc.o)
                0x0010529c                svcUnmapMemoryBlock
 .text.svcCreateAddressArbiter
                0x001052a4       0x14 /opt/devkitpro/libctru/lib/libctru.a(svc.o)
                0x001052a4                svcCreateAddressArbiter
 .text.svcArbitrateAddressNoTimeout
                0x001052b8        0x8 /opt/devkitpro/libctru/lib/libctru.a(svc.o)
                0x001052b8                svcArbitrateAddressNoTimeout
 .text.svcCloseHandle
                0x001052c0        0x8 /opt/devkitpro/libctru/lib/libctru.a(svc.o)
                0x001052c0                svcCloseHandle
 .text.svcWaitSynchronization
                0x001052c8        0x8 /opt/devkitpro/libctru/lib/libctru.a(svc.o)
                0x001052c8                svcWaitSynchronization
 .text.svcWaitSynchronizationN
                0x001052d0       0x28 /opt/devkitpro/libctru/lib/libctru.a(svc.o)
                0x001052d0                svcWaitSynchronizationN
 .text.svcDuplicateHandle
                0x001052f8       0x14 /opt/devkitpro/libctru/lib/libctru.a(svc.o)
                0x001052f8                svcDuplicateHandle
 .text.svcConnectToPort
                0x0010530c       0x14 /opt/devkitpro/libctru/lib/libctru.a(svc.o)
                0x0010530c                svcConnectToPort
 .text.svcSendSyncRequest
                0x00105320        0x8 /opt/devkitpro/libctru/lib/libctru.a(svc.o)
                0x00105320                svcSendSyncRequest
 .text.svcGetResourceLimit
                0x00105328       0x14 /opt/devkitpro/libctru/lib/libctru.a(svc.o)
                0x00105328                svcGetResourceLimit
 .text.svcGetResourceLimitLimitValues
                0x0010533c        0x8 /opt/devkitpro/libctru/lib/libctru.a(svc.o)
                0x0010533c                svcGetResourceLimitLimitValues
 .text.svcGetResourceLimitCurrentValues
                0x00105344        0x8 /opt/devkitpro/libctru/lib/libctru.a(svc.o)
                0x00105344                svcGetResourceLimitCurrentValues
 .text.svcBreak
                0x0010534c        0x8 /opt/devkitpro/libctru/lib/libctru.a(svc.o)
                0x0010534c                svcBreak
 .text.initSystem
                0x00105354       0x50 /opt/devkitpro/libctru/lib/libctru.a(stack_adjust.o)
                0x00105354                initSystem
 .text.__ctru_exit
                0x001053a4       0x14 /opt/devkitpro/libctru/lib/libctru.a(stack_adjust.o)
                0x001053a4                __ctru_exit
 .text._ZL21addrMapNodeComparatorPK11rbtree_nodeS1_
                0x001053b8       0x24 /opt/devkitpro/libctru/lib/libctru.a(linear.o)
 .text._ZL21addrMapNodeDestructorP11rbtree_node
                0x001053dc        0x4 /opt/devkitpro/libctru/lib/libctru.a(linear.o)
 .text.linearMemAlign
                0x001053e0      0x120 /opt/devkitpro/libctru/lib/libctru.a(linear.o)
                0x001053e0                linearMemAlign
 .text.linearAlloc
                0x00105500        0x8 /opt/devkitpro/libctru/lib/libctru.a(linear.o)
                0x00105500                linearAlloc
 .text.linearFree
                0x00105508       0x5c /opt/devkitpro/libctru/lib/libctru.a(linear.o)
                0x00105508                linearFree
 .text._ZN7MemPool13CoalesceRightEP8MemBlock
                0x00105564       0x84 /opt/devkitpro/libctru/lib/libctru.a(mem_pool.o)
                0x00105564                MemPool::CoalesceRight(MemBlock*)
 .text._ZN7MemPool8AllocateER8MemChunkmi
                0x001055e8      0x150 /opt/devkitpro/libctru/lib/libctru.a(mem_pool.o)
                0x001055e8                MemPool::Allocate(MemChunk&, unsigned long, int)
 .text._ZN7MemPool10DeallocateERK8MemChunk
                0x00105738       0xfc /opt/devkitpro/libctru/lib/libctru.a(mem_pool.o)
                0x00105738                MemPool::Deallocate(MemChunk const&)
 .text._ZN7MemPool12GetFreeSpaceEv
                0x00105834       0x30 /opt/devkitpro/libctru/lib/libctru.a(mem_pool.o)
                0x00105834                MemPool::GetFreeSpace()
 .text._ZL21addrMapNodeComparatorPK11rbtree_nodeS1_
                0x00105864       0x24 /opt/devkitpro/libctru/lib/libctru.a(vram.o)
 .text._ZL21addrMapNodeDestructorP11rbtree_node
                0x00105888        0x4 /opt/devkitpro/libctru/lib/libctru.a(vram.o)
 .text.vramMemAlignAt
                0x0010588c      0x244 /opt/devkitpro/libctru/lib/libctru.a(vram.o)
                0x0010588c                vramMemAlignAt
 .text.vramAlloc
                0x00105ad0        0xc /opt/devkitpro/libctru/lib/libctru.a(vram.o)
                0x00105ad0                vramAlloc
 .text.vramFree
                0x00105adc       0x90 /opt/devkitpro/libctru/lib/libctru.a(vram.o)
                0x00105adc                vramFree
 .text.__ctru_speedup_config
                0x00105b6c       0x34 /opt/devkitpro/libctru/lib/libctru.a(os.o)
                0x00105b6c                __ctru_speedup_config
 .text.srvInit  0x00105ba0      0x12c /opt/devkitpro/libctru/lib/libctru.a(srv.o)
                0x00105ba0                srvInit
 .text.srvExit  0x00105ccc       0x58 /opt/devkitpro/libctru/lib/libctru.a(srv.o)
                0x00105ccc                srvExit
 .text.srvEnableNotification
                0x00105d24       0x60 /opt/devkitpro/libctru/lib/libctru.a(srv.o)
                0x00105d24                srvEnableNotification
 .text.srvGetServiceHandleDirect
                0x00105d84       0xa0 /opt/devkitpro/libctru/lib/libctru.a(srv.o)
                0x00105d84                srvGetServiceHandleDirect
 .text.srvGetServiceHandle
                0x00105e24       0x38 /opt/devkitpro/libctru/lib/libctru.a(srv.o)
                0x00105e24                srvGetServiceHandle
 .text.srvSubscribe
                0x00105e5c       0x34 /opt/devkitpro/libctru/lib/libctru.a(srv.o)
                0x00105e5c                srvSubscribe
 .text.srvReceiveNotification
                0x00105e90       0x60 /opt/devkitpro/libctru/lib/libctru.a(srv.o)
                0x00105e90                srvReceiveNotification
 .text.srvPublishToSubscriber
                0x00105ef0       0x38 /opt/devkitpro/libctru/lib/libctru.a(srv.o)
                0x00105ef0                srvPublishToSubscriber
 .text.__sync_init
                0x00105f28        0xc /opt/devkitpro/libctru/lib/libctru.a(synchronization.o)
                0x00105f28                __sync_init
 .text.__sync_fini
                0x00105f34       0x18 /opt/devkitpro/libctru/lib/libctru.a(synchronization.o)
                0x00105f34                __sync_fini
 .text.syncArbitrateAddress
                0x00105f4c       0x2c /opt/devkitpro/libctru/lib/libctru.a(synchronization.o)
                0x00105f4c                syncArbitrateAddress
 .text.LightLock_Lock
                0x00105f78       0xb0 /opt/devkitpro/libctru/lib/libctru.a(synchronization.o)
                0x00105f78                LightLock_Lock
 .text.LightLock_Unlock
                0x00106028       0x40 /opt/devkitpro/libctru/lib/libctru.a(synchronization.o)
                0x00106028                LightLock_Unlock
 .text.RecursiveLock_Lock
                0x00106068       0x30 /opt/devkitpro/libctru/lib/libctru.a(synchronization.o)
                0x00106068                RecursiveLock_Lock
 .text.RecursiveLock_Unlock
                0x00106098       0x54 /opt/devkitpro/libctru/lib/libctru.a(synchronization.o)
                0x00106098                RecursiveLock_Unlock
 .text.LightEvent_Init
                0x001060ec       0x40 /opt/devkitpro/libctru/lib/libctru.a(synchronization.o)
                0x001060ec                LightEvent_Init
 .text.LightEvent_Clear
                0x0010612c       0xa4 /opt/devkitpro/libctru/lib/libctru.a(synchronization.o)
                0x0010612c                LightEvent_Clear
 .text.LightEvent_Signal
                0x001061d0       0xc8 /opt/devkitpro/libctru/lib/libctru.a(synchronization.o)
                0x001061d0                LightEvent_Signal
 .text.LightEvent_TryWait
                0x00106298       0x50 /opt/devkitpro/libctru/lib/libctru.a(synchronization.o)
                0x00106298                LightEvent_TryWait
 .text.LightEvent_Wait
                0x001062e8       0xa0 /opt/devkitpro/libctru/lib/libctru.a(synchronization.o)
                0x001062e8                LightEvent_Wait
 .text.threadCreate
                0x00106388      0x1d4 /opt/devkitpro/libctru/lib/libctru.a(thread.o)
                0x00106388                threadCreate
 .text.threadFree
                0x0010655c       0x2c /opt/devkitpro/libctru/lib/libctru.a(thread.o)
                0x0010655c                threadFree
 .text.threadJoin
                0x00106588       0x24 /opt/devkitpro/libctru/lib/libctru.a(thread.o)
                0x00106588                threadJoin
 .text.threadGetCurrent
                0x001065ac       0x30 /opt/devkitpro/libctru/lib/libctru.a(thread.o)
                0x001065ac                threadGetCurrent
 .text.threadExit
                0x001065dc       0x40 /opt/devkitpro/libctru/lib/libctru.a(thread.o)
                0x001065dc                threadExit
 .text._thread_begin
                0x0010661c       0x20 /opt/devkitpro/libctru/lib/libctru.a(thread.o)
 .text.mappableFindAddressWithin
                0x0010663c       0x90 /opt/devkitpro/libctru/lib/libctru.a(mappable.o)
 .text.mappableInit
                0x001066cc       0x28 /opt/devkitpro/libctru/lib/libctru.a(mappable.o)
                0x001066cc                mappableInit
 .text.mappableAlloc
                0x001066f4       0x80 /opt/devkitpro/libctru/lib/libctru.a(mappable.o)
                0x001066f4                mappableAlloc
 .text.mappableFree
                0x00106774        0x4 /opt/devkitpro/libctru/lib/libctru.a(mappable.o)
                0x00106774                mappableFree
 .text.ptmSysmInit
                0x00106778       0x74 /opt/devkitpro/libctru/lib/libctru.a(ptmsysm.o)
                0x00106778                ptmSysmInit
 .text.ptmSysmExit
                0x001067ec       0x3c /opt/devkitpro/libctru/lib/libctru.a(ptmsysm.o)
                0x001067ec                ptmSysmExit
 .text.PTMSYSM_ConfigureNew3DSCPU
                0x00106828       0x34 /opt/devkitpro/libctru/lib/libctru.a(ptmsysm.o)
                0x00106828                PTMSYSM_ConfigureNew3DSCPU
 .text.srvPmGetSessionHandle
                0x0010685c        0xc /opt/devkitpro/libctru/lib/libctru.a(srvpm.o)
                0x0010685c                srvPmGetSessionHandle
 .text.rbtree_find
                0x00106868       0x74 /opt/devkitpro/libctru/lib/libctru.a(rbtree_find.o)
                0x00106868                rbtree_find
 .text.rbtree_init
                0x001068dc       0x10 /opt/devkitpro/libctru/lib/libctru.a(rbtree_init.o)
                0x001068dc                rbtree_init
 .text.do_insert
                0x001068ec      0x19c /opt/devkitpro/libctru/lib/libctru.a(rbtree_insert.o)
 .text.rbtree_insert
                0x00106a88        0x8 /opt/devkitpro/libctru/lib/libctru.a(rbtree_insert.o)
                0x00106a88                rbtree_insert
 .text.rbtree_remove
                0x00106a90      0x310 /opt/devkitpro/libctru/lib/libctru.a(rbtree_remove.o)
                0x00106a90                rbtree_remove
 .text.rbtree_rotate
                0x00106da0       0x90 /opt/devkitpro/libctru/lib/libctru.a(rbtree_rotate.o)
                0x00106da0                rbtree_rotate
 .text.__system_allocateHeaps
                0x00106e30      0x1e0 /opt/devkitpro/libctru/lib/libctru.a(allocateHeaps.o)
                0x00106e30                __system_allocateHeaps
 .text.__appExit
                0x00107010       0x30 /opt/devkitpro/libctru/lib/libctru.a(appExit.o)
                0x00107010                __appExit
 .text.__appInit
                0x00107040       0x30 /opt/devkitpro/libctru/lib/libctru.a(appInit.o)
                0x00107040                __appInit
 .text.__libctru_exit
                0x00107070       0x90 /opt/devkitpro/libctru/lib/libctru.a(ctru_exit.o)
                0x00107070                __libctru_exit
 .text.archive_link
                0x00107100       0x14 /opt/devkitpro/libctru/lib/libctru.a(archive_dev.o)
 .text.archive_dirreset
                0x00107114       0x14 /opt/devkitpro/libctru/lib/libctru.a(archive_dev.o)
 .text.archive_chmod
                0x00107128       0x14 /opt/devkitpro/libctru/lib/libctru.a(archive_dev.o)
 .text.error_cmp
                0x0010713c       0x24 /opt/devkitpro/libctru/lib/libctru.a(archive_dev.o)
 .text.archive_translate_error
                0x00107160       0x50 /opt/devkitpro/libctru/lib/libctru.a(archive_dev.o)
 .text.archive_seek
                0x001071b0       0xc4 /opt/devkitpro/libctru/lib/libctru.a(archive_dev.o)
 .text._archiveInit.part.0
                0x00107274       0x78 /opt/devkitpro/libctru/lib/libctru.a(archive_dev.o)
 .text.archiveFindDevice.part.0
                0x001072ec       0xc4 /opt/devkitpro/libctru/lib/libctru.a(archive_dev.o)
 .text.archive_utf16path
                0x001073b0      0x290 /opt/devkitpro/libctru/lib/libctru.a(archive_dev.o)
 .text._archiveUnmountDeviceStruct.part.0
                0x00107640       0x9c /opt/devkitpro/libctru/lib/libctru.a(archive_dev.o)
 .text.archive_statvfs
                0x001076dc       0x14 /opt/devkitpro/libctru/lib/libctru.a(archive_dev.o)
 .text.archive_fchmod
                0x001076f0       0x14 /opt/devkitpro/libctru/lib/libctru.a(archive_dev.o)
 .text._archiveMountDevice
                0x00107704      0x168 /opt/devkitpro/libctru/lib/libctru.a(archive_dev.o)
 .text.archive_diropen
                0x0010786c       0xe8 /opt/devkitpro/libctru/lib/libctru.a(archive_dev.o)
 .text.archive_fstat
                0x00107954       0xa4 /opt/devkitpro/libctru/lib/libctru.a(archive_dev.o)
 .text.archive_fsync
                0x001079f8       0x6c /opt/devkitpro/libctru/lib/libctru.a(archive_dev.o)
 .text.archive_close
                0x00107a64       0x6c /opt/devkitpro/libctru/lib/libctru.a(archive_dev.o)
 .text.archive_dirclose
                0x00107ad0       0x70 /opt/devkitpro/libctru/lib/libctru.a(archive_dev.o)
 .text.sdmc_statvfs
                0x00107b40       0xe4 /opt/devkitpro/libctru/lib/libctru.a(archive_dev.o)
 .text.archive_chdir
                0x00107c24       0xec /opt/devkitpro/libctru/lib/libctru.a(archive_dev.o)
 .text.archive_ftruncate
                0x00107d10       0x7c /opt/devkitpro/libctru/lib/libctru.a(archive_dev.o)
 .text.archive_read
                0x00107d8c       0xac /opt/devkitpro/libctru/lib/libctru.a(archive_dev.o)
 .text.archive_unlink
                0x00107e38       0xa4 /opt/devkitpro/libctru/lib/libctru.a(archive_dev.o)
 .text.archive_rmdir
                0x00107edc       0xbc /opt/devkitpro/libctru/lib/libctru.a(archive_dev.o)
 .text.archive_mkdir
                0x00107f98       0xdc /opt/devkitpro/libctru/lib/libctru.a(archive_dev.o)
 .text.archive_stat
                0x00108074      0x194 /opt/devkitpro/libctru/lib/libctru.a(archive_dev.o)
 .text.archive_dirnext
                0x00108208      0x15c /opt/devkitpro/libctru/lib/libctru.a(archive_dev.o)
 .text.archive_write
                0x00108364      0x124 /opt/devkitpro/libctru/lib/libctru.a(archive_dev.o)
 .text.archive_open
                0x00108488      0x210 /opt/devkitpro/libctru/lib/libctru.a(archive_dev.o)
 .text.archive_rename
                0x00108698      0x268 /opt/devkitpro/libctru/lib/libctru.a(archive_dev.o)
 .text.archiveMountSdmc
                0x00108900      0x19c /opt/devkitpro/libctru/lib/libctru.a(archive_dev.o)
                0x00108900                archiveMountSdmc
 .text.archiveUnmountAll
                0x00108a9c       0x54 /opt/devkitpro/libctru/lib/libctru.a(archive_dev.o)
                0x00108a9c                archiveUnmountAll
 .text.envGetHandle
                0x00108af0       0x84 /opt/devkitpro/libctru/lib/libctru.a(env.o)
                0x00108af0                envGetHandle
 .text.envDestroyHandles
                0x00108b74       0x50 /opt/devkitpro/libctru/lib/libctru.a(env.o)
                0x00108b74                envDestroyHandles
 .text.fsInit   0x00108bc4       0xd0 /opt/devkitpro/libctru/lib/libctru.a(fs.o)
                0x00108bc4                fsInit
 .text.fsExit   0x00108c94       0x3c /opt/devkitpro/libctru/lib/libctru.a(fs.o)
                0x00108c94                fsExit
 .text.fsExemptFromSession
                0x00108cd0       0x60 /opt/devkitpro/libctru/lib/libctru.a(fs.o)
                0x00108cd0                fsExemptFromSession
 .text.fsUnexemptFromSession
                0x00108d30       0x50 /opt/devkitpro/libctru/lib/libctru.a(fs.o)
                0x00108d30                fsUnexemptFromSession
 .text.FSUSER_OpenFile
                0x00108d80       0xcc /opt/devkitpro/libctru/lib/libctru.a(fs.o)
                0x00108d80                FSUSER_OpenFile
 .text.FSUSER_DeleteFile
                0x00108e4c       0xbc /opt/devkitpro/libctru/lib/libctru.a(fs.o)
                0x00108e4c                FSUSER_DeleteFile
 .text.FSUSER_RenameFile
                0x00108f08       0xf8 /opt/devkitpro/libctru/lib/libctru.a(fs.o)
                0x00108f08                FSUSER_RenameFile
 .text.FSUSER_DeleteDirectory
                0x00109000       0xbc /opt/devkitpro/libctru/lib/libctru.a(fs.o)
                0x00109000                FSUSER_DeleteDirectory
 .text.FSUSER_CreateFile
                0x001090bc       0xd4 /opt/devkitpro/libctru/lib/libctru.a(fs.o)
                0x001090bc                FSUSER_CreateFile
 .text.FSUSER_CreateDirectory
                0x00109190       0xc4 /opt/devkitpro/libctru/lib/libctru.a(fs.o)
                0x00109190                FSUSER_CreateDirectory
 .text.FSUSER_RenameDirectory
                0x00109254       0xf8 /opt/devkitpro/libctru/lib/libctru.a(fs.o)
                0x00109254                FSUSER_RenameDirectory
 .text.FSUSER_OpenDirectory
                0x0010934c       0xb4 /opt/devkitpro/libctru/lib/libctru.a(fs.o)
                0x0010934c                FSUSER_OpenDirectory
 .text.FSUSER_OpenArchive
                0x00109400       0x94 /opt/devkitpro/libctru/lib/libctru.a(fs.o)
                0x00109400                FSUSER_OpenArchive
 .text.FSUSER_CloseArchive
                0x00109494       0x8c /opt/devkitpro/libctru/lib/libctru.a(fs.o)
                0x00109494                FSUSER_CloseArchive
 .text.FSUSER_GetSdmcArchiveResource
                0x00109520       0x74 /opt/devkitpro/libctru/lib/libctru.a(fs.o)
                0x00109520                FSUSER_GetSdmcArchiveResource
 .text.FSUSER_IsSdmcWritable
                0x00109594       0x64 /opt/devkitpro/libctru/lib/libctru.a(fs.o)
                0x00109594                FSUSER_IsSdmcWritable
 .text.FSFILE_Read
                0x001095f8       0x58 /opt/devkitpro/libctru/lib/libctru.a(fs.o)
                0x001095f8                FSFILE_Read
 .text.FSFILE_Write
                0x00109650       0x60 /opt/devkitpro/libctru/lib/libctru.a(fs.o)
                0x00109650                FSFILE_Write
 .text.FSFILE_GetSize
                0x001096b0       0x38 /opt/devkitpro/libctru/lib/libctru.a(fs.o)
                0x001096b0                FSFILE_GetSize
 .text.FSFILE_SetSize
                0x001096e8       0x28 /opt/devkitpro/libctru/lib/libctru.a(fs.o)
                0x001096e8                FSFILE_SetSize
 .text.FSFILE_Close
                0x00109710       0x3c /opt/devkitpro/libctru/lib/libctru.a(fs.o)
                0x00109710                FSFILE_Close
 .text.FSFILE_Flush
                0x0010974c       0x24 /opt/devkitpro/libctru/lib/libctru.a(fs.o)
                0x0010974c                FSFILE_Flush
 .text.FSDIR_Read
                0x00109770       0x50 /opt/devkitpro/libctru/lib/libctru.a(fs.o)
                0x00109770                FSDIR_Read
 .text.FSDIR_Close
                0x001097c0       0x3c /opt/devkitpro/libctru/lib/libctru.a(fs.o)
                0x001097c0                FSDIR_Close
 .text.hidShouldUseIrrst
                0x001097fc       0x24 /opt/devkitpro/libctru/lib/libctru.a(hid.o)
                0x001097fc                hidShouldUseIrrst
 .text.hidInit  0x00109820      0x18c /opt/devkitpro/libctru/lib/libctru.a(hid.o)
                0x00109820                hidInit
 .text.hidExit  0x001099ac       0xe8 /opt/devkitpro/libctru/lib/libctru.a(hid.o)
                0x001099ac                hidExit
 .text.irrstInit
                0x00109a94      0x160 /opt/devkitpro/libctru/lib/libctru.a(irrst.o)
                0x00109a94                irrstInit
 .text.irrstExit
                0x00109bf4       0xcc /opt/devkitpro/libctru/lib/libctru.a(irrst.o)
                0x00109bf4                irrstExit
 .text.rbtree_node_next
                0x00109cc0       0x5c /opt/devkitpro/libctru/lib/libctru.a(rbtree_iterator.o)
                0x00109cc0                rbtree_node_next
 .text.decode_utf8
                0x00109d1c      0x13c /opt/devkitpro/libctru/lib/libctru.a(decode_utf8.o)
                0x00109d1c                decode_utf8
 .text.utf16_to_utf8
                0x00109e58       0xe8 /opt/devkitpro/libctru/lib/libctru.a(utf16_to_utf8.o)
                0x00109e58                utf16_to_utf8
 .text.utf8_to_utf16
                0x00109f40       0xc0 /opt/devkitpro/libctru/lib/libctru.a(utf8_to_utf16.o)
                0x00109f40                utf8_to_utf16
 .text.__aeabi_read_tp
                0x0010a000        0xc /opt/devkitpro/libctru/lib/libctru.a(readtp.o)
                0x0010a000                __aeabi_read_tp
 .text.decode_utf16
                0x0010a00c       0x64 /opt/devkitpro/libctru/lib/libctru.a(decode_utf16.o)
                0x0010a00c                decode_utf16
 .text.encode_utf16
                0x0010a070       0x54 /opt/devkitpro/libctru/lib/libctru.a(encode_utf16.o)
                0x0010a070                encode_utf16
 .text.encode_utf8
                0x0010a0c4       0xe0 /opt/devkitpro/libctru/lib/libctru.a(encode_utf8.o)
                0x0010a0c4                encode_utf8
 *fill*         0x0010a1a4        0x4 
 .text.sin      0x0010a1a8       0xb0 /opt/devkitpro/devkitARM/bin/../lib/gcc/arm-none-eabi/14.2.0/../../../../arm-none-eabi/lib/armv6k/fpu/libm.a(libm_a-s_sin.o)
                0x0010a1a8                sin
 .text.__ieee754_rem_pio2
                0x0010a258      0x310 /opt/devkitpro/devkitARM/bin/../lib/gcc/arm-none-eabi/14.2.0/../../../../arm-none-eabi/lib/armv6k/fpu/libm.a(libm_a-e_rem_pio2.o)
                0x0010a258                __ieee754_rem_pio2
 .text.__kernel_rem_pio2
                0x0010a568      0x8a0 /opt/devkitpro/devkitARM/bin/../lib/gcc/arm-none-eabi/14.2.0/../../../../arm-none-eabi/lib/armv6k/fpu/libm.a(libm_a-k_rem_pio2.o)
                0x0010a568                __kernel_rem_pio2
 .text.scalbn   0x0010ae08      0x140 /opt/devkitpro/devkitARM/bin/../lib/gcc/arm-none-eabi/14.2.0/../../../../arm-none-eabi/lib/armv6k/fpu/libm.a(libm_a-s_scalbn.o)
                0x0010ae08                scalbn
 .text.__kernel_sin
                0x0010af48       0xc0 /opt/devkitpro/devkitARM/bin/../lib/gcc/arm-none-eabi/14.2.0/../../../../arm-none-eabi/lib/armv6k/fpu/libm.a(libm_a-k_sin.o)
                0x0010af48                __kernel_sin
 .text.cos      0x0010b008       0xa8 /opt/devkitpro/devkitARM/bin/../lib/gcc/arm-none-eabi/14.2.0/../../../../arm-none-eabi/lib/armv6k/fpu/libm.a(libm_a-s_cos.o)
                0x0010b008                cos
 .text.floor    0x0010b0b0      0x144 /opt/devkitpro/devkitARM/bin/../lib/gcc/arm-none-eabi/14.2.0/../../../../arm-none-eabi/lib/armv6k/fpu/libm.a(libm_a-s_floor.o)
                0x0010b0b0                floor
 *fill*         0x0010b1f4        0x4 
 .text.__kernel_cos
                0x0010b1f8      0x158 /opt/devkitpro/devkitARM/bin/../lib/gcc/arm-none-eabi/14.2.0/../../../../arm-none-eabi/lib/armv6k/fpu/libm.a(libm_a-k_cos.o)
                0x0010b1f8                __kernel_cos
 .text.fabs     0x0010b350       0x14 /opt/devkitpro/devkitARM/bin/../lib/gcc/arm-none-eabi/14.2.0/../../../../arm-none-eabi/lib/armv6k/fpu/libm.a(libm_a-s_fabs.o)
                0x0010b350                fabs
 .text.__udivmoddi4
                0x0010b364      0x120 /opt/devkitpro/devkitARM/bin/../lib/gcc/arm-none-eabi/14.2.0/armv6k/fpu/libgcc.a(_udivmoddi4.o)
                0x0010b364                __udivmoddi4
 .text.strncmp  0x0010b484       0xd8 /opt/devkitpro/devkitARM/bin/../lib/gcc/arm-none-eabi/14.2.0/../../../../arm-none-eabi/lib/armv6k/fpu/libg.a(libc_a-strncmp.o)
                0x0010b484                strncmp
 .text.strlen   0x0010b55c       0x5c /opt/devkitpro/devkitARM/bin/../lib/gcc/arm-none-eabi/14.2.0/../../../../arm-none-eabi/lib/armv6k/fpu/libg.a(libc_a-strlen-stub.o)
                0x0010b55c                strlen
 .text.putchar  0x0010b5b8       0x1c /opt/devkitpro/devkitARM/bin/../lib/gcc/arm-none-eabi/14.2.0/../../../../arm-none-eabi/lib/armv6k/fpu/libg.a(libc_a-putchar.o)
                0x0010b5b8                putchar
 .text._strtoul_l.isra.0
                0x0010b5d4      0x1e4 /opt/devkitpro/devkitARM/bin/../lib/gcc/arm-none-eabi/14.2.0/../../../../arm-none-eabi/lib/armv6k/fpu/libg.a(libc_a-strtoul.o)
 .text.strtoul  0x0010b7b8       0x34 /opt/devkitpro/devkitARM/bin/../lib/gcc/arm-none-eabi/14.2.0/../../../../arm-none-eabi/lib/armv6k/fpu/libg.a(libc_a-strtoul.o)
                0x0010b7b8                strtoul
 .text.strncat  0x0010b7ec       0xe4 /opt/devkitpro/devkitARM/bin/../lib/gcc/arm-none-eabi/14.2.0/../../../../arm-none-eabi/lib/armv6k/fpu/libg.a(libc_a-strncat.o)
                0x0010b7ec                strncat
 .text.bsearch  0x0010b8d0       0x78 /opt/devkitpro/devkitARM/bin/../lib/gcc/arm-none-eabi/14.2.0/../../../../arm-none-eabi/lib/armv6k/fpu/libg.a(libc_a-bsearch.o)
                0x0010b8d0                bsearch
 .text.memalign
                0x0010b948       0x20 /opt/devkitpro/devkitARM/bin/../lib/gcc/arm-none-eabi/14.2.0/../../../../arm-none-eabi/lib/armv6k/fpu/libg.a(libc_a-malign.o)
                0x0010b948                memalign
 .text.stdio_exit_handler
                0x0010b968       0x1c /opt/devkitpro/devkitARM/bin/../lib/gcc/arm-none-eabi/14.2.0/../../../../arm-none-eabi/lib/armv6k/fpu/libg.a(libc_a-findfp.o)
 .text.cleanup_stdio
                0x0010b984       0x5c /opt/devkitpro/devkitARM/bin/../lib/gcc/arm-none-eabi/14.2.0/../../../../arm-none-eabi/lib/armv6k/fpu/libg.a(libc_a-findfp.o)
 .text.global_stdio_init.part.0
                0x0010b9e0      0x154 /opt/devkitpro/devkitARM/bin/../lib/gcc/arm-none-eabi/14.2.0/../../../../arm-none-eabi/lib/armv6k/fpu/libg.a(libc_a-findfp.o)
 .text.__sinit  0x0010bb34       0x5c /opt/devkitpro/devkitARM/bin/../lib/gcc/arm-none-eabi/14.2.0/../../../../arm-none-eabi/lib/armv6k/fpu/libg.a(libc_a-findfp.o)
                0x0010bb34                __sinit
 .text.__sfp_lock_acquire
                0x0010bb90        0xc /opt/devkitpro/devkitARM/bin/../lib/gcc/arm-none-eabi/14.2.0/../../../../arm-none-eabi/lib/armv6k/fpu/libg.a(libc_a-findfp.o)
                0x0010bb90                __sfp_lock_acquire
 .text.__sfp_lock_release
                0x0010bb9c        0xc /opt/devkitpro/devkitARM/bin/../lib/gcc/arm-none-eabi/14.2.0/../../../../arm-none-eabi/lib/armv6k/fpu/libg.a(libc_a-findfp.o)
                0x0010bb9c                __sfp_lock_release
 .text._malloc_r
                0x0010bba8      0x7e8 /opt/devkitpro/devkitARM/bin/../lib/gcc/arm-none-eabi/14.2.0/../../../../arm-none-eabi/lib/armv6k/fpu/libg.a(libc_a-mallocr.o)
                0x0010bba8                _malloc_r
 .text._putc_r  0x0010c390       0xdc /opt/devkitpro/devkitARM/bin/../lib/gcc/arm-none-eabi/14.2.0/../../../../arm-none-eabi/lib/armv6k/fpu/libg.a(libc_a-putc.o)
                0x0010c390                _putc_r
 .text._malloc_trim_r
                0x0010c46c       0xf8 /opt/devkitpro/devkitARM/bin/../lib/gcc/arm-none-eabi/14.2.0/../../../../arm-none-eabi/lib/armv6k/fpu/libg.a(libc_a-freer.o)
                0x0010c46c                _malloc_trim_r
 .text._free_r  0x0010c564      0x300 /opt/devkitpro/devkitARM/bin/../lib/gcc/arm-none-eabi/14.2.0/../../../../arm-none-eabi/lib/armv6k/fpu/libg.a(libc_a-freer.o)
                0x0010c564                _free_r
 .text.setvbuf  0x0010c864      0x294 /opt/devkitpro/devkitARM/bin/../lib/gcc/arm-none-eabi/14.2.0/../../../../arm-none-eabi/lib/armv6k/fpu/libg.a(libc_a-setvbuf.o)
                0x0010c864                setvbuf
 .text.strnlen  0x0010caf8       0x4c /opt/devkitpro/devkitARM/bin/../lib/gcc/arm-none-eabi/14.2.0/../../../../arm-none-eabi/lib/armv6k/fpu/libg.a(libc_a-strnlen.o)
                0x0010caf8                strnlen
 .text.__errno  0x0010cb44        0xc /opt/devkitpro/devkitARM/bin/../lib/gcc/arm-none-eabi/14.2.0/../../../../arm-none-eabi/lib/armv6k/fpu/libg.a(libc_a-errno.o)
                0x0010cb44                __errno
 .text.malloc   0x0010cb50       0x34 /opt/devkitpro/devkitARM/bin/../lib/gcc/arm-none-eabi/14.2.0/../../../../arm-none-eabi/lib/armv6k/fpu/libg.a(libc_a-malloc.o)
                0x0010cb50                malloc
 .text.free     0x0010cb84       0x18 /opt/devkitpro/devkitARM/bin/../lib/gcc/arm-none-eabi/14.2.0/../../../../arm-none-eabi/lib/armv6k/fpu/libg.a(libc_a-malloc.o)
                0x0010cb84                free
 .text.memcpy   0x0010cb9c      0x130 /opt/devkitpro/devkitARM/bin/../lib/gcc/arm-none-eabi/14.2.0/../../../../arm-none-eabi/lib/armv6k/fpu/libg.a(libc_a-memcpy-stub.o)
                0x0010cb9c                memcpy
 .text.printf   0x0010cccc       0x34 /opt/devkitpro/devkitARM/bin/../lib/gcc/arm-none-eabi/14.2.0/../../../../arm-none-eabi/lib/armv6k/fpu/libg.a(libc_a-printf.o)
                0x0010cccc                printf
 .text.memset   0x0010cd00       0xe8 /opt/devkitpro/devkitARM/bin/../lib/gcc/arm-none-eabi/14.2.0/../../../../arm-none-eabi/lib/armv6k/fpu/libg.a(libc_a-memset.o)
                0x0010cd00                memset
 .text._fwalk_sglue
                0x0010cde8       0x70 /opt/devkitpro/devkitARM/bin/../lib/gcc/arm-none-eabi/14.2.0/../../../../arm-none-eabi/lib/armv6k/fpu/libg.a(libc_a-fwalk.o)
                0x0010cde8                _fwalk_sglue
 .text.__malloc_lock
                0x0010ce58        0xc /opt/devkitpro/devkitARM/bin/../lib/gcc/arm-none-eabi/14.2.0/../../../../arm-none-eabi/lib/armv6k/fpu/libg.a(libc_a-mlock.o)
                0x0010ce58                __malloc_lock
 .text.__malloc_unlock
                0x0010ce64        0xc /opt/devkitpro/devkitARM/bin/../lib/gcc/arm-none-eabi/14.2.0/../../../../arm-none-eabi/lib/armv6k/fpu/libg.a(libc_a-mlock.o)
                0x0010ce64                __malloc_unlock
 .text.__call_exitprocs
                0x0010ce70        0x4 /opt/devkitpro/devkitARM/bin/../lib/gcc/arm-none-eabi/14.2.0/../../../../arm-none-eabi/lib/armv6k/fpu/libg.a(libc_a-exit.o)
                0x0010ce70                __call_exitprocs
 .text.exit     0x0010ce74       0x30 /opt/devkitpro/devkitARM/bin/../lib/gcc/arm-none-eabi/14.2.0/../../../../arm-none-eabi/lib/armv6k/fpu/libg.a(libc_a-exit.o)
                0x0010ce74                exit
 .text.strncpy  0x0010cea4       0xc4 /opt/devkitpro/devkitARM/bin/../lib/gcc/arm-none-eabi/14.2.0/../../../../arm-none-eabi/lib/armv6k/fpu/libg.a(libc_a-strncpy.o)
                0x0010cea4                strncpy
 .text.__libc_init_array
                0x0010cf68       0x84 /opt/devkitpro/devkitARM/bin/../lib/gcc/arm-none-eabi/14.2.0/../../../../arm-none-eabi/lib/armv6k/fpu/libg.a(libc_a-init.o)
                0x0010cf68                __libc_init_array
 .text.__sflush_r
                0x0010cfec      0x228 /opt/devkitpro/devkitARM/bin/../lib/gcc/arm-none-eabi/14.2.0/../../../../arm-none-eabi/lib/armv6k/fpu/libg.a(libc_a-fflush.o)
                0x0010cfec                __sflush_r
 .text._fflush_r
                0x0010d214       0x94 /opt/devkitpro/devkitARM/bin/../lib/gcc/arm-none-eabi/14.2.0/../../../../arm-none-eabi/lib/armv6k/fpu/libg.a(libc_a-fflush.o)
                0x0010d214                _fflush_r
 .text._memalign_r
                0x0010d2a8      0x150 /opt/devkitpro/devkitARM/bin/../lib/gcc/arm-none-eabi/14.2.0/../../../../arm-none-eabi/lib/armv6k/fpu/libg.a(libc_a-malignr.o)
                0x0010d2a8                _memalign_r
 .text.__swbuf_r
                0x0010d3f8      0x108 /opt/devkitpro/devkitARM/bin/../lib/gcc/arm-none-eabi/14.2.0/../../../../arm-none-eabi/lib/armv6k/fpu/libg.a(libc_a-wbuf.o)
                0x0010d3f8                __swbuf_r
 .text.__libc_fini_array
                0x0010d500       0x3c /opt/devkitpro/devkitARM/bin/../lib/gcc/arm-none-eabi/14.2.0/../../../../arm-none-eabi/lib/armv6k/fpu/libg.a(libc_a-fini.o)
                0x0010d500                __libc_fini_array
 .text.__sread  0x0010d53c       0x44 /opt/devkitpro/devkitARM/bin/../lib/gcc/arm-none-eabi/14.2.0/../../../../arm-none-eabi/lib/armv6k/fpu/libg.a(libc_a-stdio.o)
                0x0010d53c                __sread
 .text.__swrite
                0x0010d580       0x68 /opt/devkitpro/devkitARM/bin/../lib/gcc/arm-none-eabi/14.2.0/../../../../arm-none-eabi/lib/armv6k/fpu/libg.a(libc_a-stdio.o)
                0x0010d580                __swrite
 .text.__sseek  0x0010d5e8       0x40 /opt/devkitpro/devkitARM/bin/../lib/gcc/arm-none-eabi/14.2.0/../../../../arm-none-eabi/lib/armv6k/fpu/libg.a(libc_a-stdio.o)
                0x0010d5e8                __sseek
 .text.__sclose
                0x0010d628        0x8 /opt/devkitpro/devkitARM/bin/../lib/gcc/arm-none-eabi/14.2.0/../../../../arm-none-eabi/lib/armv6k/fpu/libg.a(libc_a-stdio.o)
                0x0010d628                __sclose
 .text._fclose_r
                0x0010d630      0x148 /opt/devkitpro/devkitARM/bin/../lib/gcc/arm-none-eabi/14.2.0/../../../../arm-none-eabi/lib/armv6k/fpu/libg.a(libc_a-fclose.o)
                0x0010d630                _fclose_r
 .text.get_arg  0x0010d778      0x5e4 /opt/devkitpro/devkitARM/bin/../lib/gcc/arm-none-eabi/14.2.0/../../../../arm-none-eabi/lib/armv6k/fpu/libg.a(libc_a-vfprintf.o)
 *fill*         0x0010dd5c        0x4 
 .text._vfprintf_r
                0x0010dd60     0x342c /opt/devkitpro/devkitARM/bin/../lib/gcc/arm-none-eabi/14.2.0/../../../../arm-none-eabi/lib/armv6k/fpu/libg.a(libc_a-vfprintf.o)
                0x0010dd60                _vfprintf_r
 .text.__sbprintf
                0x0011118c       0xb8 /opt/devkitpro/devkitARM/bin/../lib/gcc/arm-none-eabi/14.2.0/../../../../arm-none-eabi/lib/armv6k/fpu/libg.a(libc_a-vfprintf.o)
 .text.__smakebuf_r
                0x00111244      0x144 /opt/devkitpro/devkitARM/bin/../lib/gcc/arm-none-eabi/14.2.0/../../../../arm-none-eabi/lib/armv6k/fpu/libg.a(libc_a-makebuf.o)
                0x00111244                __smakebuf_r
 .text.__swhatbuf_r
                0x00111388       0x8c /opt/devkitpro/devkitARM/bin/../lib/gcc/arm-none-eabi/14.2.0/../../../../arm-none-eabi/lib/armv6k/fpu/libg.a(libc_a-makebuf.o)
                0x00111388                __swhatbuf_r
 .text.quorem   0x00111414      0x1b4 /opt/devkitpro/devkitARM/bin/../lib/gcc/arm-none-eabi/14.2.0/../../../../arm-none-eabi/lib/armv6k/fpu/libg.a(libc_a-dtoa.o)
 .text._dtoa_r  0x001115c8     0x1370 /opt/devkitpro/devkitARM/bin/../lib/gcc/arm-none-eabi/14.2.0/../../../../arm-none-eabi/lib/armv6k/fpu/libg.a(libc_a-dtoa.o)
                0x001115c8                _dtoa_r
 .text._wcrtomb_r
                0x00112938       0xa0 /opt/devkitpro/devkitARM/bin/../lib/gcc/arm-none-eabi/14.2.0/../../../../arm-none-eabi/lib/armv6k/fpu/libg.a(libc_a-wcrtomb.o)
                0x00112938                _wcrtomb_r
 .text._wcsrtombs_r
                0x001129d8       0x28 /opt/devkitpro/devkitARM/bin/../lib/gcc/arm-none-eabi/14.2.0/../../../../arm-none-eabi/lib/armv6k/fpu/libg.a(libc_a-wcsrtombs.o)
                0x001129d8                _wcsrtombs_r
 .text.__swsetup_r
                0x00112a00      0x194 /opt/devkitpro/devkitARM/bin/../lib/gcc/arm-none-eabi/14.2.0/../../../../arm-none-eabi/lib/armv6k/fpu/libg.a(libc_a-wsetup.o)
                0x00112a00                __swsetup_r
 *fill*         0x00112b94        0x4 
 .text.frexp    0x00112b98       0x88 /opt/devkitpro/devkitARM/bin/../lib/gcc/arm-none-eabi/14.2.0/../../../../arm-none-eabi/lib/armv6k/fpu/libg.a(libm_a-s_frexp.o)
                0x00112b98                frexp
 .text.__assert_func
                0x00112c20       0x5c /opt/devkitpro/devkitARM/bin/../lib/gcc/arm-none-eabi/14.2.0/../../../../arm-none-eabi/lib/armv6k/fpu/libg.a(libc_a-assert.o)
                0x00112c20                __assert_func
 .text._Balloc  0x00112c7c       0x88 /opt/devkitpro/devkitARM/bin/../lib/gcc/arm-none-eabi/14.2.0/../../../../arm-none-eabi/lib/armv6k/fpu/libg.a(libc_a-mprec.o)
                0x00112c7c                _Balloc
 .text._Bfree   0x00112d04       0x1c /opt/devkitpro/devkitARM/bin/../lib/gcc/arm-none-eabi/14.2.0/../../../../arm-none-eabi/lib/armv6k/fpu/libg.a(libc_a-mprec.o)
                0x00112d04                _Bfree
 .text.__multadd
                0x00112d20       0xf4 /opt/devkitpro/devkitARM/bin/../lib/gcc/arm-none-eabi/14.2.0/../../../../arm-none-eabi/lib/armv6k/fpu/libg.a(libc_a-mprec.o)
                0x00112d20                __multadd
 .text.__hi0bits
                0x00112e14       0x80 /opt/devkitpro/devkitARM/bin/../lib/gcc/arm-none-eabi/14.2.0/../../../../arm-none-eabi/lib/armv6k/fpu/libg.a(libc_a-mprec.o)
                0x00112e14                __hi0bits
 .text.__lo0bits
                0x00112e94       0xf4 /opt/devkitpro/devkitARM/bin/../lib/gcc/arm-none-eabi/14.2.0/../../../../arm-none-eabi/lib/armv6k/fpu/libg.a(libc_a-mprec.o)
                0x00112e94                __lo0bits
 .text.__i2b    0x00112f88       0xa4 /opt/devkitpro/devkitARM/bin/../lib/gcc/arm-none-eabi/14.2.0/../../../../arm-none-eabi/lib/armv6k/fpu/libg.a(libc_a-mprec.o)
                0x00112f88                __i2b
 .text.__multiply
                0x0011302c      0x208 /opt/devkitpro/devkitARM/bin/../lib/gcc/arm-none-eabi/14.2.0/../../../../arm-none-eabi/lib/armv6k/fpu/libg.a(libc_a-mprec.o)
                0x0011302c                __multiply
 .text.__pow5mult
                0x00113234      0x130 /opt/devkitpro/devkitARM/bin/../lib/gcc/arm-none-eabi/14.2.0/../../../../arm-none-eabi/lib/armv6k/fpu/libg.a(libc_a-mprec.o)
                0x00113234                __pow5mult
 .text.__lshift
                0x00113364      0x138 /opt/devkitpro/devkitARM/bin/../lib/gcc/arm-none-eabi/14.2.0/../../../../arm-none-eabi/lib/armv6k/fpu/libg.a(libc_a-mprec.o)
                0x00113364                __lshift
 .text.__mcmp   0x0011349c       0x58 /opt/devkitpro/devkitARM/bin/../lib/gcc/arm-none-eabi/14.2.0/../../../../arm-none-eabi/lib/armv6k/fpu/libg.a(libc_a-mprec.o)
                0x0011349c                __mcmp
 .text.__mdiff  0x001134f4      0x1f0 /opt/devkitpro/devkitARM/bin/../lib/gcc/arm-none-eabi/14.2.0/../../../../arm-none-eabi/lib/armv6k/fpu/libg.a(libc_a-mprec.o)
                0x001134f4                __mdiff
 .text.__d2b    0x001136e4      0x120 /opt/devkitpro/devkitARM/bin/../lib/gcc/arm-none-eabi/14.2.0/../../../../arm-none-eabi/lib/armv6k/fpu/libg.a(libc_a-mprec.o)
                0x001136e4                __d2b
 .text.__locale_mb_cur_max
                0x00113804       0x24 /opt/devkitpro/devkitARM/bin/../lib/gcc/arm-none-eabi/14.2.0/../../../../arm-none-eabi/lib/armv6k/fpu/libg.a(libc_a-locale.o)
                0x00113804                __locale_mb_cur_max
 .text.fiprintf
                0x00113828       0x3c /opt/devkitpro/devkitARM/bin/../lib/gcc/arm-none-eabi/14.2.0/../../../../arm-none-eabi/lib/armv6k/fpu/libg.a(libc_a-fiprintf.o)
                0x00113828                fiprintf
 .text.memchr   0x00113864       0xe0 /opt/devkitpro/devkitARM/bin/../lib/gcc/arm-none-eabi/14.2.0/../../../../arm-none-eabi/lib/armv6k/fpu/libg.a(libc_a-memchr-stub.o)
                0x00113864                memchr
 .text._wcsnrtombs_l
                0x00113944      0x160 /opt/devkitpro/devkitARM/bin/../lib/gcc/arm-none-eabi/14.2.0/../../../../arm-none-eabi/lib/armv6k/fpu/libg.a(libc_a-wcsnrtombs.o)
                0x00113944                _wcsnrtombs_l
 .text._wcsnrtombs_r
                0x00113aa4       0x64 /opt/devkitpro/devkitARM/bin/../lib/gcc/arm-none-eabi/14.2.0/../../../../arm-none-eabi/lib/armv6k/fpu/libg.a(libc_a-wcsnrtombs.o)
                0x00113aa4                _wcsnrtombs_r
 .text.__utf8_mbtowc
                0x00113b08      0x324 /opt/devkitpro/devkitARM/bin/../lib/gcc/arm-none-eabi/14.2.0/../../../../arm-none-eabi/lib/armv6k/fpu/libg.a(libc_a-mbtowc_r.o)
                0x00113b08                __utf8_mbtowc
 .text.__sprint_r
                0x00113e2c       0x30 /opt/devkitpro/devkitARM/bin/../lib/gcc/arm-none-eabi/14.2.0/../../../../arm-none-eabi/lib/armv6k/fpu/libg.a(libc_a-sprint_r.o)
                0x00113e2c                __sprint_r
 .text.abort    0x00113e5c       0x14 /opt/devkitpro/devkitARM/bin/../lib/gcc/arm-none-eabi/14.2.0/../../../../arm-none-eabi/lib/armv6k/fpu/libg.a(libc_a-abort.o)
                0x00113e5c                abort
 .text._localeconv_r
                0x00113e70       0x24 /opt/devkitpro/devkitARM/bin/../lib/gcc/arm-none-eabi/14.2.0/../../../../arm-none-eabi/lib/armv6k/fpu/libg.a(libc_a-localeconv.o)
                0x00113e70                _localeconv_r
 .text._calloc_r
                0x00113e94       0xc0 /opt/devkitpro/devkitARM/bin/../lib/gcc/arm-none-eabi/14.2.0/../../../../arm-none-eabi/lib/armv6k/fpu/libg.a(libc_a-callocr.o)
                0x00113e94                _calloc_r
 .text.__utf8_wctomb
                0x00113f54       0xf0 /opt/devkitpro/devkitARM/bin/../lib/gcc/arm-none-eabi/14.2.0/../../../../arm-none-eabi/lib/armv6k/fpu/libg.a(libc_a-wctomb_r.o)
                0x00113f54                __utf8_wctomb
 .text.strchr   0x00114044      0x130 /opt/devkitpro/devkitARM/bin/../lib/gcc/arm-none-eabi/14.2.0/../../../../arm-none-eabi/lib/armv6k/fpu/libg.a(libc_a-strchr.o)
                0x00114044                strchr
 .text.memmove  0x00114174      0x160 /opt/devkitpro/devkitARM/bin/../lib/gcc/arm-none-eabi/14.2.0/../../../../arm-none-eabi/lib/armv6k/fpu/libg.a(libc_a-memmove.o)
                0x00114174                memmove
 .text._raise_r
                0x001142d4       0x90 /opt/devkitpro/devkitARM/bin/../lib/gcc/arm-none-eabi/14.2.0/../../../../arm-none-eabi/lib/armv6k/fpu/libg.a(libc_a-signal.o)
                0x001142d4                _raise_r
 .text.raise    0x00114364       0x18 /opt/devkitpro/devkitARM/bin/../lib/gcc/arm-none-eabi/14.2.0/../../../../arm-none-eabi/lib/armv6k/fpu/libg.a(libc_a-signal.o)
                0x00114364                raise
 .text.__sfvwrite_r
                0x0011437c      0x480 /opt/devkitpro/devkitARM/bin/../lib/gcc/arm-none-eabi/14.2.0/../../../../arm-none-eabi/lib/armv6k/fpu/libg.a(libc_a-fvwrite.o)
                0x0011437c                __sfvwrite_r
 .text.get_arg  0x001147fc      0x5e4 /opt/devkitpro/devkitARM/bin/../lib/gcc/arm-none-eabi/14.2.0/../../../../arm-none-eabi/lib/armv6k/fpu/libg.a(libc_a-vfiprintf.o)
 .text._vfiprintf_r
                0x00114de0     0x2264 /opt/devkitpro/devkitARM/bin/../lib/gcc/arm-none-eabi/14.2.0/../../../../arm-none-eabi/lib/armv6k/fpu/libg.a(libc_a-vfiprintf.o)
                0x00114de0                _vfiprintf_r
 .text.__sbprintf
                0x00117044       0xb8 /opt/devkitpro/devkitARM/bin/../lib/gcc/arm-none-eabi/14.2.0/../../../../arm-none-eabi/lib/armv6k/fpu/libg.a(libc_a-vfiprintf.o)
 .text._realloc_r
                0x001170fc      0x4a4 /opt/devkitpro/devkitARM/bin/../lib/gcc/arm-none-eabi/14.2.0/../../../../arm-none-eabi/lib/armv6k/fpu/libg.a(libc_a-reallocr.o)
                0x001170fc                _realloc_r
 .text._exit    0x001175a0       0x20 /opt/devkitpro/devkitARM/bin/../lib/gcc/arm-none-eabi/14.2.0/../../../../arm-none-eabi/lib/armv6k/fpu/libsysbase.a(libsysbase_libsysbase_a-_exit.o)
                0x001175a0                _exit
 .text.chdir    0x001175c0      0x13c /opt/devkitpro/devkitARM/bin/../lib/gcc/arm-none-eabi/14.2.0/../../../../arm-none-eabi/lib/armv6k/fpu/libsysbase.a(libsysbase_libsysbase_a-chdir.o)
                0x001175c0                chdir
 .text._concatenate_path
                0x001176fc      0x1cc /opt/devkitpro/devkitARM/bin/../lib/gcc/arm-none-eabi/14.2.0/../../../../arm-none-eabi/lib/armv6k/fpu/libsysbase.a(libsysbase_libsysbase_a-concatenate.o)
                0x001176fc                _concatenate_path
 .text._fstat_r
                0x001178c8       0x88 /opt/devkitpro/devkitARM/bin/../lib/gcc/arm-none-eabi/14.2.0/../../../../arm-none-eabi/lib/armv6k/fpu/libsysbase.a(libsysbase_libsysbase_a-fstat.o)
                0x001178c8                _fstat_r
 .text._getpid_r
                0x00117950       0x14 /opt/devkitpro/devkitARM/bin/../lib/gcc/arm-none-eabi/14.2.0/../../../../arm-none-eabi/lib/armv6k/fpu/libsysbase.a(libsysbase_libsysbase_a-getpid.o)
                0x00117950                _getpid_r
 .text.__getreent
                0x00117964       0x2c /opt/devkitpro/devkitARM/bin/../lib/gcc/arm-none-eabi/14.2.0/../../../../arm-none-eabi/lib/armv6k/fpu/libsysbase.a(libsysbase_libsysbase_a-getreent.o)
                0x00117964                __getreent
 .text.__get_handle
                0x00117990       0x3c /opt/devkitpro/devkitARM/bin/../lib/gcc/arm-none-eabi/14.2.0/../../../../arm-none-eabi/lib/armv6k/fpu/libsysbase.a(libsysbase_libsysbase_a-handle_manager.o)
                0x00117990                __get_handle
 .text._close_r
                0x001179cc       0xf4 /opt/devkitpro/devkitARM/bin/../lib/gcc/arm-none-eabi/14.2.0/../../../../arm-none-eabi/lib/armv6k/fpu/libsysbase.a(libsysbase_libsysbase_a-handle_manager.o)
                0x001179cc                _close_r
 .text.null_write
                0x00117ac0        0x8 /opt/devkitpro/devkitARM/bin/../lib/gcc/arm-none-eabi/14.2.0/../../../../arm-none-eabi/lib/armv6k/fpu/libsysbase.a(libsysbase_libsysbase_a-iosupport.o)
 .text.setDefaultDevice
                0x00117ac8       0x18 /opt/devkitpro/devkitARM/bin/../lib/gcc/arm-none-eabi/14.2.0/../../../../arm-none-eabi/lib/armv6k/fpu/libsysbase.a(libsysbase_libsysbase_a-iosupport.o)
                0x00117ac8                setDefaultDevice
 .text.FindDevice
                0x00117ae0       0xc8 /opt/devkitpro/devkitARM/bin/../lib/gcc/arm-none-eabi/14.2.0/../../../../arm-none-eabi/lib/armv6k/fpu/libsysbase.a(libsysbase_libsysbase_a-iosupport.o)
                0x00117ae0                FindDevice
 .text.RemoveDevice
                0x00117ba8       0x28 /opt/devkitpro/devkitARM/bin/../lib/gcc/arm-none-eabi/14.2.0/../../../../arm-none-eabi/lib/armv6k/fpu/libsysbase.a(libsysbase_libsysbase_a-iosupport.o)
                0x00117ba8                RemoveDevice
 .text.AddDevice
                0x00117bd0       0x98 /opt/devkitpro/devkitARM/bin/../lib/gcc/arm-none-eabi/14.2.0/../../../../arm-none-eabi/lib/armv6k/fpu/libsysbase.a(libsysbase_libsysbase_a-iosupport.o)
                0x00117bd0                AddDevice
 .text.GetDeviceOpTab
                0x00117c68       0x20 /opt/devkitpro/devkitARM/bin/../lib/gcc/arm-none-eabi/14.2.0/../../../../arm-none-eabi/lib/armv6k/fpu/libsysbase.a(libsysbase_libsysbase_a-iosupport.o)
                0x00117c68                GetDeviceOpTab
 .text._isatty_r
                0x00117c88        0x8 /opt/devkitpro/devkitARM/bin/../lib/gcc/arm-none-eabi/14.2.0/../../../../arm-none-eabi/lib/armv6k/fpu/libsysbase.a(libsysbase_libsysbase_a-isatty.o)
                0x00117c88                _isatty_r
 .text._kill_r  0x00117c90       0x14 /opt/devkitpro/devkitARM/bin/../lib/gcc/arm-none-eabi/14.2.0/../../../../arm-none-eabi/lib/armv6k/fpu/libsysbase.a(libsysbase_libsysbase_a-kill.o)
                0x00117c90                _kill_r
 .text._lseek_r
                0x00117ca4       0x8c /opt/devkitpro/devkitARM/bin/../lib/gcc/arm-none-eabi/14.2.0/../../../../arm-none-eabi/lib/armv6k/fpu/libsysbase.a(libsysbase_libsysbase_a-lseek.o)
                0x00117ca4                _lseek_r
 .text._read_r  0x00117d30       0x88 /opt/devkitpro/devkitARM/bin/../lib/gcc/arm-none-eabi/14.2.0/../../../../arm-none-eabi/lib/armv6k/fpu/libsysbase.a(libsysbase_libsysbase_a-read.o)
                0x00117d30                _read_r
 .text._sbrk_r  0x00117db8       0x78 /opt/devkitpro/devkitARM/bin/../lib/gcc/arm-none-eabi/14.2.0/../../../../arm-none-eabi/lib/armv6k/fpu/libsysbase.a(libsysbase_libsysbase_a-sbrk.o)
                0x00117db8                _sbrk_r
 .text.__libc_lock_acquire
                0x00117e30       0x1c /opt/devkitpro/devkitARM/bin/../lib/gcc/arm-none-eabi/14.2.0/../../../../arm-none-eabi/lib/armv6k/fpu/libsysbase.a(libsysbase_libsysbase_a-syscall_support.o)
                0x00117e30                __libc_lock_acquire
 .text.__libc_lock_release
                0x00117e4c       0x1c /opt/devkitpro/devkitARM/bin/../lib/gcc/arm-none-eabi/14.2.0/../../../../arm-none-eabi/lib/armv6k/fpu/libsysbase.a(libsysbase_libsysbase_a-syscall_support.o)
                0x00117e4c                __libc_lock_release
 .text.__libc_lock_acquire_recursive
                0x00117e68       0x1c /opt/devkitpro/devkitARM/bin/../lib/gcc/arm-none-eabi/14.2.0/../../../../arm-none-eabi/lib/armv6k/fpu/libsysbase.a(libsysbase_libsysbase_a-syscall_support.o)
                0x00117e68                __libc_lock_acquire_recursive
 .text.__libc_lock_release_recursive
                0x00117e84       0x1c /opt/devkitpro/devkitARM/bin/../lib/gcc/arm-none-eabi/14.2.0/../../../../arm-none-eabi/lib/armv6k/fpu/libsysbase.a(libsysbase_libsysbase_a-syscall_support.o)
                0x00117e84                __libc_lock_release_recursive
 .text._write_r
                0x00117ea0       0x88 /opt/devkitpro/devkitARM/bin/../lib/gcc/arm-none-eabi/14.2.0/../../../../arm-none-eabi/lib/armv6k/fpu/libsysbase.a(libsysbase_libsysbase_a-write.o)
                0x00117ea0                _write_r
 .text.strrchr  0x00117f28       0x48 /opt/devkitpro/devkitARM/bin/../lib/gcc/arm-none-eabi/14.2.0/../../../../arm-none-eabi/lib/armv6k/fpu/libg.a(libc_a-strrchr.o)
                0x00117f28                strrchr
 *(.glue_7)
 .glue_7        0x00117f70        0x0 linker stubs
 *(.glue_7t)
 .glue_7t       0x00117f70        0x0 linker stubs
 *(.stub)
 *(.gnu.warning)
 *(.gnu.linkonce.t*)
                0x00117f70                        . = ALIGN (0x4)
 *(.fini)
 .fini          0x00117f70        0xc /opt/devkitpro/devkitARM/bin/../lib/gcc/arm-none-eabi/14.2.0/armv6k/fpu/crti.o
                0x00117f70                _fini
 .fini          0x00117f7c        0xc /opt/devkitpro/devkitARM/bin/../lib/gcc/arm-none-eabi/14.2.0/armv6k/fpu/crtn.o
                0x00117f88                        . = ALIGN (0x4)

.vfp11_veneer   0x00117f88        0x0
 .vfp11_veneer  0x00117f88        0x0 linker stubs

.v4_bx          0x00117f88        0x0
 .v4_bx         0x00117f88        0x0 linker stubs

.iplt           0x00117f88        0x0
 .iplt          0x00117f88        0x0 /opt/devkitpro/devkitARM/bin/../lib/gcc/arm-none-eabi/14.2.0/../../../../arm-none-eabi/lib/armv6k/fpu/3dsx_crt0.o
                0x00118000                        . = ALIGN (0x1000)

.rodata         0x00118000     0x14f8
 *(.rodata)
 .rodata        0x00118000        0xc /opt/devkitpro/libctru/lib/libctru.a(archive_dev.o)
 *(.roda)
 *(.rodata.*)
 .rodata.str1.4
                0x0011800c      0x1f0 main.o
                                 0x19 (size before relaxing)
 .rodata.consoleHandleColorEsc
                0x001181fc       0x6c /opt/devkitpro/libctru/lib/libctru.a(console.o)
 .rodata.consolePrintChar
                0x00118268        0x6 /opt/devkitpro/libctru/lib/libctru.a(console.o)
 .rodata.con_write
                0x0011826e       0x46 /opt/devkitpro/libctru/lib/libctru.a(console.o)
 .rodata.str1.4
                0x001182b4       0x10 /opt/devkitpro/libctru/lib/libctru.a(console.o)
 .rodata.dotab_stdout
                0x001182b4       0x80 /opt/devkitpro/libctru/lib/libctru.a(console.o)
 .rodata.grayScale
                0x00118334       0x18 /opt/devkitpro/libctru/lib/libctru.a(console.o)
 .rodata.colorCube
                0x0011834c        0x6 /opt/devkitpro/libctru/lib/libctru.a(console.o)
 *fill*         0x00118352        0x2 
 .rodata.colorTable
                0x00118354       0x30 /opt/devkitpro/libctru/lib/libctru.a(console.o)
 .rodata.aptSendCommand.str1.4
                0x00118384       0x16 /opt/devkitpro/libctru/lib/libctru.a(apt.o)
 .rodata.aptEventHandler
                0x00118384        0xb /opt/devkitpro/libctru/lib/libctru.a(apt.o)
 .rodata.aptWaitForWakeUp.isra.0
                0x0011838f       0x11 /opt/devkitpro/libctru/lib/libctru.a(apt.o)
 .rodata.morton_y.2
                0x001183a0        0x8 /opt/devkitpro/libctru/lib/libctru.a(apt.o)
 .rodata.morton_x.3
                0x001183a8        0x8 /opt/devkitpro/libctru/lib/libctru.a(apt.o)
 .rodata.s_sleepWakeEvents.4
                0x001183b0        0x8 /opt/devkitpro/libctru/lib/libctru.a(apt.o)
 .rodata.gspInit.str1.4
                0x001183b8        0x9 /opt/devkitpro/libctru/lib/libctru.a(gspgpu.o)
 .rodata.__system_initArgv.str1.4
                0x001183b8        0xa /opt/devkitpro/libctru/lib/libctru.a(initArgv.o)
 .rodata.default_font_bin
                0x001183b8      0x800 /opt/devkitpro/libctru/lib/libctru.a(default_font.bin.o)
                0x001183b8                default_font_bin
                0x00118bb8                default_font_bin_end
 .rodata.srvInit.str1.4
                0x00118bb8        0x5 /opt/devkitpro/libctru/lib/libctru.a(srv.o)
 .rodata.ptmSysmInit.str1.4
                0x00118bb8        0x9 /opt/devkitpro/libctru/lib/libctru.a(ptmsysm.o)
 .rodata.archive_utf16path.str1.4
                0x00118bb8        0x2 /opt/devkitpro/libctru/lib/libctru.a(archive_dev.o)
 .rodata._archiveUnmountDeviceStruct.part.0.str1.4
                0x00118bb8        0x2 /opt/devkitpro/libctru/lib/libctru.a(archive_dev.o)
 .rodata._archiveMountDevice.str1.4
                0x00118bb8        0xc /opt/devkitpro/libctru/lib/libctru.a(archive_dev.o)
 .rodata.archiveMountSdmc.str1.4
                0x00118bb8        0x5 /opt/devkitpro/libctru/lib/libctru.a(archive_dev.o)
 .rodata.error_table
                0x00118bb8       0x30 /opt/devkitpro/libctru/lib/libctru.a(archive_dev.o)
 .rodata.str1.4
                0x00118be8        0x8 /opt/devkitpro/libctru/lib/libctru.a(archive_dev.o)
 .rodata.archive_devoptab
                0x00118be8       0x80 /opt/devkitpro/libctru/lib/libctru.a(archive_dev.o)
 .rodata.fsInit.str1.4
                0x00118c68        0x8 /opt/devkitpro/libctru/lib/libctru.a(fs.o)
 .rodata.hidInit.str1.4
                0x00118c68       0x15 /opt/devkitpro/libctru/lib/libctru.a(hid.o)
 .rodata.irrstInit.str1.4
                0x00118c68        0x7 /opt/devkitpro/libctru/lib/libctru.a(irrst.o)
 .rodata.npio2_hw
                0x00118c68       0x80 /opt/devkitpro/devkitARM/bin/../lib/gcc/arm-none-eabi/14.2.0/../../../../arm-none-eabi/lib/armv6k/fpu/libm.a(libm_a-e_rem_pio2.o)
 .rodata.two_over_pi
                0x00118ce8      0x108 /opt/devkitpro/devkitARM/bin/../lib/gcc/arm-none-eabi/14.2.0/../../../../arm-none-eabi/lib/armv6k/fpu/libm.a(libm_a-e_rem_pio2.o)
 .rodata.PIo2   0x00118df0       0x40 /opt/devkitpro/devkitARM/bin/../lib/gcc/arm-none-eabi/14.2.0/../../../../arm-none-eabi/lib/armv6k/fpu/libm.a(libm_a-k_rem_pio2.o)
 .rodata.init_jk
                0x00118e30       0x10 /opt/devkitpro/devkitARM/bin/../lib/gcc/arm-none-eabi/14.2.0/../../../../arm-none-eabi/lib/armv6k/fpu/libm.a(libm_a-k_rem_pio2.o)
 .rodata._ctype_
                0x00118e40      0x101 /opt/devkitpro/devkitARM/bin/../lib/gcc/arm-none-eabi/14.2.0/../../../../arm-none-eabi/lib/armv6k/fpu/libg.a(libc_a-ctype_.o)
                0x00118e40                _ctype_
 *fill*         0x00118f41        0x1 
 .rodata.get_arg
                0x00118f42       0x34 /opt/devkitpro/devkitARM/bin/../lib/gcc/arm-none-eabi/14.2.0/../../../../arm-none-eabi/lib/armv6k/fpu/libg.a(libc_a-vfprintf.o)
 .rodata._vfprintf_r.str1.1
                0x00118f76       0x3b /opt/devkitpro/devkitARM/bin/../lib/gcc/arm-none-eabi/14.2.0/../../../../arm-none-eabi/lib/armv6k/fpu/libg.a(libc_a-vfprintf.o)
 *fill*         0x00118fb1        0x1 
 .rodata._vfprintf_r
                0x00118fb2       0xb6 /opt/devkitpro/devkitARM/bin/../lib/gcc/arm-none-eabi/14.2.0/../../../../arm-none-eabi/lib/armv6k/fpu/libg.a(libc_a-vfprintf.o)
 .rodata.zeroes.0
                0x00119068       0x10 /opt/devkitpro/devkitARM/bin/../lib/gcc/arm-none-eabi/14.2.0/../../../../arm-none-eabi/lib/armv6k/fpu/libg.a(libc_a-vfprintf.o)
 .rodata.blanks.1
                0x00119078       0x10 /opt/devkitpro/devkitARM/bin/../lib/gcc/arm-none-eabi/14.2.0/../../../../arm-none-eabi/lib/armv6k/fpu/libg.a(libc_a-vfprintf.o)
 .rodata._dtoa_r.str1.4
                0x00119088       0x6a /opt/devkitpro/devkitARM/bin/../lib/gcc/arm-none-eabi/14.2.0/../../../../arm-none-eabi/lib/armv6k/fpu/libg.a(libc_a-dtoa.o)
 .rodata._dtoa_r
                0x00119088        0x8 /opt/devkitpro/devkitARM/bin/../lib/gcc/arm-none-eabi/14.2.0/../../../../arm-none-eabi/lib/armv6k/fpu/libg.a(libc_a-dtoa.o)
 .rodata.__action_table
                0x00119090       0x6c /opt/devkitpro/devkitARM/bin/../lib/gcc/arm-none-eabi/14.2.0/../../../../arm-none-eabi/lib/armv6k/fpu/libg.a(libc_a-svfiprintf.o)
                0x00119090                __action_table
 .rodata.__state_table
                0x001190fc       0x6c /opt/devkitpro/devkitARM/bin/../lib/gcc/arm-none-eabi/14.2.0/../../../../arm-none-eabi/lib/armv6k/fpu/libg.a(libc_a-svfiprintf.o)
                0x001190fc                __state_table
 .rodata.__chclass
                0x00119168      0x100 /opt/devkitpro/devkitARM/bin/../lib/gcc/arm-none-eabi/14.2.0/../../../../arm-none-eabi/lib/armv6k/fpu/libg.a(libc_a-svfiprintf.o)
                0x00119168                __chclass
 .rodata.__assert_func.str1.4
                0x00119268       0x43 /opt/devkitpro/devkitARM/bin/../lib/gcc/arm-none-eabi/14.2.0/../../../../arm-none-eabi/lib/armv6k/fpu/libg.a(libc_a-assert.o)
 .rodata.__multadd.str1.4
                0x00119268       0x57 /opt/devkitpro/devkitARM/bin/../lib/gcc/arm-none-eabi/14.2.0/../../../../arm-none-eabi/lib/armv6k/fpu/libg.a(libc_a-mprec.o)
 .rodata.p05.0  0x00119268        0xc /opt/devkitpro/devkitARM/bin/../lib/gcc/arm-none-eabi/14.2.0/../../../../arm-none-eabi/lib/armv6k/fpu/libg.a(libc_a-mprec.o)
 *fill*         0x00119274        0x4 
 .rodata.__mprec_bigtens
                0x00119278       0x28 /opt/devkitpro/devkitARM/bin/../lib/gcc/arm-none-eabi/14.2.0/../../../../arm-none-eabi/lib/armv6k/fpu/libg.a(libc_a-mprec.o)
                0x00119278                __mprec_bigtens
 .rodata.__mprec_tens
                0x001192a0       0xc8 /opt/devkitpro/devkitARM/bin/../lib/gcc/arm-none-eabi/14.2.0/../../../../arm-none-eabi/lib/armv6k/fpu/libg.a(libc_a-mprec.o)
                0x001192a0                __mprec_tens
 .rodata.str1.4
                0x00119368       0x4c /opt/devkitpro/devkitARM/bin/../lib/gcc/arm-none-eabi/14.2.0/../../../../arm-none-eabi/lib/armv6k/fpu/libg.a(libc_a-locale.o)
 .rodata.get_arg
                0x00119368       0x34 /opt/devkitpro/devkitARM/bin/../lib/gcc/arm-none-eabi/14.2.0/../../../../arm-none-eabi/lib/armv6k/fpu/libg.a(libc_a-vfiprintf.o)
 .rodata._vfiprintf_r.str1.1
                0x0011939c       0x29 /opt/devkitpro/devkitARM/bin/../lib/gcc/arm-none-eabi/14.2.0/../../../../arm-none-eabi/lib/armv6k/fpu/libg.a(libc_a-vfiprintf.o)
 .rodata._vfiprintf_r
                0x0011939c       0xb6 /opt/devkitpro/devkitARM/bin/../lib/gcc/arm-none-eabi/14.2.0/../../../../arm-none-eabi/lib/armv6k/fpu/libg.a(libc_a-vfiprintf.o)
 *fill*         0x00119452        0x2 
 .rodata.zeroes.0
                0x00119454       0x10 /opt/devkitpro/devkitARM/bin/../lib/gcc/arm-none-eabi/14.2.0/../../../../arm-none-eabi/lib/armv6k/fpu/libg.a(libc_a-vfiprintf.o)
 .rodata.blanks.1
                0x00119464       0x10 /opt/devkitpro/devkitARM/bin/../lib/gcc/arm-none-eabi/14.2.0/../../../../arm-none-eabi/lib/armv6k/fpu/libg.a(libc_a-vfiprintf.o)
 .rodata.AddDevice.str1.4
                0x00119474        0x8 /opt/devkitpro/devkitARM/bin/../lib/gcc/arm-none-eabi/14.2.0/../../../../arm-none-eabi/lib/armv6k/fpu/libsysbase.a(libsysbase_libsysbase_a-iosupport.o)
 .rodata.dotab_stdnull
                0x00119474       0x80 /opt/devkitpro/devkitARM/bin/../lib/gcc/arm-none-eabi/14.2.0/../../../../arm-none-eabi/lib/armv6k/fpu/libsysbase.a(libsysbase_libsysbase_a-iosupport.o)
                0x00119474                dotab_stdnull
 *all.rodata*(*)
 *(.gnu.linkonce.r*)
                0x001194f4                        . = ALIGN (0x4)
                0x001194f4                        __tdata_align = .
                0x001194f4        0x4 LONG 0x4 ALIGNOF (.tdata)
                0x001194f8                        . = ALIGN (0x4)

.eh_frame       0x001194f8        0x0
 .eh_frame      0x001194f8        0x0 /opt/devkitpro/devkitARM/bin/../lib/gcc/arm-none-eabi/14.2.0/armv6k/fpu/crtbegin.o

.rel.dyn        0x001194f8        0x0
 .rel.iplt      0x001194f8        0x0 /opt/devkitpro/devkitARM/bin/../lib/gcc/arm-none-eabi/14.2.0/../../../../arm-none-eabi/lib/armv6k/fpu/3dsx_crt0.o
 .rel.got       0x001194f8        0x0 /opt/devkitpro/devkitARM/bin/../lib/gcc/arm-none-eabi/14.2.0/../../../../arm-none-eabi/lib/armv6k/fpu/3dsx_crt0.o

.ARM.extab
 *(.ARM.extab* .gnu.linkonce.armextab.*)
                0x001194f8                        __exidx_start = .

.ARM.exidx
 *(.ARM.exidx* .gnu.linkonce.armexidx.*)
                0x001194f8                        __exidx_end = .
                0x0011a000                        . = ALIGN (0x1000)

.data           0x0011a000     0x1bc4
 *(.data)
 *(.data.*)
 .data.firstConsoleInit.0
                0x0011a000        0x1 /opt/devkitpro/libctru/lib/libctru.a(console.o)
 *fill*         0x0011a001        0x3 
 .data.currentConsole
                0x0011a004        0x4 /opt/devkitpro/libctru/lib/libctru.a(console.o)
                0x0011a004                currentConsole
 .data.defaultConsole
                0x0011a008       0x48 /opt/devkitpro/libctru/lib/libctru.a(console.o)
                0x0011a008                defaultConsole
 .data.aptChainloadDeliverArgSize
                0x0011a050        0x4 /opt/devkitpro/libctru/lib/libctru.a(apt.o)
 .data.__stacksize__
                0x0011a054        0x4 /opt/devkitpro/libctru/lib/libctru.a(stack_adjust.o)
                0x0011a054                __stacksize__
 .data._impure_ptr
                0x0011a058        0x4 /opt/devkitpro/devkitARM/bin/../lib/gcc/arm-none-eabi/14.2.0/../../../../arm-none-eabi/lib/armv6k/fpu/libg.a(libc_a-impure.o)
                0x0011a058                _impure_ptr
 *fill*         0x0011a05c        0x4 
 .data._impure_data
                0x0011a060      0x120 /opt/devkitpro/devkitARM/bin/../lib/gcc/arm-none-eabi/14.2.0/../../../../arm-none-eabi/lib/armv6k/fpu/libg.a(libc_a-impure.o)
                0x0011a060                _impure_data
 .data.__sglue  0x0011a180        0xc /opt/devkitpro/devkitARM/bin/../lib/gcc/arm-none-eabi/14.2.0/../../../../arm-none-eabi/lib/armv6k/fpu/libg.a(libc_a-findfp.o)
                0x0011a180                __sglue
 .data.__malloc_sbrk_base
                0x0011a18c        0x4 /opt/devkitpro/devkitARM/bin/../lib/gcc/arm-none-eabi/14.2.0/../../../../arm-none-eabi/lib/armv6k/fpu/libg.a(libc_a-mallocr.o)
                0x0011a18c                __malloc_sbrk_base
 .data.__malloc_trim_threshold
                0x0011a190        0x4 /opt/devkitpro/devkitARM/bin/../lib/gcc/arm-none-eabi/14.2.0/../../../../arm-none-eabi/lib/armv6k/fpu/libg.a(libc_a-mallocr.o)
                0x0011a190                __malloc_trim_threshold
 *fill*         0x0011a194        0x4 
 .data.__malloc_av_
                0x0011a198      0x408 /opt/devkitpro/devkitARM/bin/../lib/gcc/arm-none-eabi/14.2.0/../../../../arm-none-eabi/lib/armv6k/fpu/libg.a(libc_a-mallocr.o)
                0x0011a198                __malloc_av_
 .data.__global_locale
                0x0011a5a0      0x16c /opt/devkitpro/devkitARM/bin/../lib/gcc/arm-none-eabi/14.2.0/../../../../arm-none-eabi/lib/armv6k/fpu/libg.a(libc_a-locale.o)
                0x0011a5a0                __global_locale
 .data._current_working_directory
                0x0011a70c      0x400 /opt/devkitpro/devkitARM/bin/../lib/gcc/arm-none-eabi/14.2.0/../../../../arm-none-eabi/lib/armv6k/fpu/libsysbase.a(libsysbase_libsysbase_a-chdir.o)
 *fill*         0x0011ab0c        0x4 
 .data.handles  0x0011ab10     0x1000 /opt/devkitpro/devkitARM/bin/../lib/gcc/arm-none-eabi/14.2.0/../../../../arm-none-eabi/lib/armv6k/fpu/libsysbase.a(libsysbase_libsysbase_a-handle_manager.o)
 .data.__stderr_handle
                0x0011bb10        0xc /opt/devkitpro/devkitARM/bin/../lib/gcc/arm-none-eabi/14.2.0/../../../../arm-none-eabi/lib/armv6k/fpu/libsysbase.a(libsysbase_libsysbase_a-handle_manager.o)
 .data.__stdout_handle
                0x0011bb1c        0xc /opt/devkitpro/devkitARM/bin/../lib/gcc/arm-none-eabi/14.2.0/../../../../arm-none-eabi/lib/armv6k/fpu/libsysbase.a(libsysbase_libsysbase_a-handle_manager.o)
 .data.__stdin_handle
                0x0011bb28        0xc /opt/devkitpro/devkitARM/bin/../lib/gcc/arm-none-eabi/14.2.0/../../../../arm-none-eabi/lib/armv6k/fpu/libsysbase.a(libsysbase_libsysbase_a-handle_manager.o)
 .data.devoptab_list
                0x0011bb34       0x8c /opt/devkitpro/devkitARM/bin/../lib/gcc/arm-none-eabi/14.2.0/../../../../arm-none-eabi/lib/armv6k/fpu/libsysbase.a(libsysbase_libsysbase_a-iosupport.o)
                0x0011bb34                devoptab_list
 .data.defaultDevice
                0x0011bbc0        0x4 /opt/devkitpro/devkitARM/bin/../lib/gcc/arm-none-eabi/14.2.0/../../../../arm-none-eabi/lib/armv6k/fpu/libsysbase.a(libsysbase_libsysbase_a-iosupport.o)
 *(.gnu.linkonce.d*)
                0x0011bbc4                        . = ALIGN (0x4)

.igot.plt       0x0011bbc4        0x0
 .igot.plt      0x0011bbc4        0x0 /opt/devkitpro/devkitARM/bin/../lib/gcc/arm-none-eabi/14.2.0/../../../../arm-none-eabi/lib/armv6k/fpu/3dsx_crt0.o

.got            0x0011bbc4        0x8
 .got           0x0011bbc4        0x8 /opt/devkitpro/devkitARM/bin/../lib/gcc/arm-none-eabi/14.2.0/../../../../arm-none-eabi/lib/armv6k/fpu/3dsx_crt0.o

.got.plt        0x0011bbcc        0xc
 .got.plt       0x0011bbcc        0xc /opt/devkitpro/devkitARM/bin/../lib/gcc/arm-none-eabi/14.2.0/../../../../arm-none-eabi/lib/armv6k/fpu/3dsx_crt0.o
                0x0011bbcc                _GLOBAL_OFFSET_TABLE_

.tdata          0x0011bbd8        0x0
                0x0011bbd8                        __tdata_lma = .
 *(.tdata)
 *(.tdata.*)
 *(.gnu.linkonce.td.*)
                0x0011bbd8                        . = ALIGN (0x4)
                0x0011bbd8                        __tdata_lma_end = .

.tbss           0x0011bbd8      0xc08
 *(.tbss)
 *(.tbss.*)
 .tbss.__ctru_dev_utf16_buf
                0x0011bbd8      0x802 /opt/devkitpro/libctru/lib/libctru.a(path_buf.o)
                0x0011bbd8                __ctru_dev_utf16_buf
 *fill*         0x0011c3da        0x2 
 .tbss.__ctru_dev_path_buf
                0x0011c3dc      0x401 /opt/devkitpro/libctru/lib/libctru.a(path_buf.o)
                0x0011c3dc                __ctru_dev_path_buf
 *(.gnu.linkonce.tb.*)
 *(.tcommon)
                0x0011c7e0                        . = ALIGN (0x4)
 *fill*         0x0011c7dd        0x3 

.preinit_array  0x0011bbd8        0x0
                0x0011bbd8                        PROVIDE (__preinit_array_start = .)
 *(.preinit_array)
                0x0011bbd8                        PROVIDE (__preinit_array_end = .)

.init_array     0x0011bbd8        0x4
                0x0011bbd8                        PROVIDE (__init_array_start = .)
 *(SORT_BY_NAME(.init_array.*))
 *(.init_array)
 .init_array    0x0011bbd8        0x4 /opt/devkitpro/devkitARM/bin/../lib/gcc/arm-none-eabi/14.2.0/armv6k/fpu/crtbegin.o
                0x0011bbdc                        PROVIDE (__init_array_end = .)

.fini_array     0x0011bbdc        0x4
                0x0011bbdc                        PROVIDE (__fini_array_start = .)
 *(.fini_array)
 .fini_array    0x0011bbdc        0x4 /opt/devkitpro/devkitARM/bin/../lib/gcc/arm-none-eabi/14.2.0/armv6k/fpu/crtbegin.o
 *(SORT_BY_NAME(.fini_array.*))
                0x0011bbe0                        PROVIDE (__fini_array_end = .)

.ctors
 *crtbegin.o(.ctors)
 *(EXCLUDE_FILE(*crtend.o) .ctors)
 *(SORT_BY_NAME(.ctors.*))
 *(.ctors)

.dtors
 *crtbegin.o(.dtors)
 *(EXCLUDE_FILE(*crtend.o) .dtors)
 *(SORT_BY_NAME(.dtors.*))
 *(.dtors)
                0x0011bbe0                        __bss_start__ = .

.bss            0x0011bbe0     0x2dc4
 *(.dynbss)
 *(.bss)
 *(.bss.*)
 .bss.completed.1
                0x0011bbe0        0x1 /opt/devkitpro/devkitARM/bin/../lib/gcc/arm-none-eabi/14.2.0/armv6k/fpu/crtbegin.o
 *fill*         0x0011bbe1        0x3 
 .bss.object.0  0x0011bbe4       0x18 /opt/devkitpro/devkitARM/bin/../lib/gcc/arm-none-eabi/14.2.0/armv6k/fpu/crtbegin.o
 .bss.escapeSeq
                0x0011bbfc       0x1c /opt/devkitpro/libctru/lib/libctru.a(console.o)
 .bss.currentCopy
                0x0011bc18       0x48 /opt/devkitpro/libctru/lib/libctru.a(console.o)
                0x0011bc18                currentCopy
 .bss.screenAlloc
                0x0011bc60        0x4 /opt/devkitpro/libctru/lib/libctru.a(gfx.o)
 .bss.screenFree
                0x0011bc64        0x4 /opt/devkitpro/libctru/lib/libctru.a(gfx.o)
 .bss.gfxIsDoubleBuf
                0x0011bc68        0x2 /opt/devkitpro/libctru/lib/libctru.a(gfx.o)
 *fill*         0x0011bc6a        0x2 
 .bss.gfxCurBuf
                0x0011bc6c        0x2 /opt/devkitpro/libctru/lib/libctru.a(gfx.o)
 .bss.gfxIsVram
                0x0011bc6e        0x1 /opt/devkitpro/libctru/lib/libctru.a(gfx.o)
 .bss.gfxTopMode
                0x0011bc6f        0x1 /opt/devkitpro/libctru/lib/libctru.a(gfx.o)
 .bss.gfxFramebufferFormats
                0x0011bc70        0x2 /opt/devkitpro/libctru/lib/libctru.a(gfx.o)
 *fill*         0x0011bc72        0x2 
 .bss.gfxBottomFramebufferMaxSize
                0x0011bc74        0x4 /opt/devkitpro/libctru/lib/libctru.a(gfx.o)
 .bss.gfxTopFramebufferMaxSize
                0x0011bc78        0x4 /opt/devkitpro/libctru/lib/libctru.a(gfx.o)
 *fill*         0x0011bc7c        0x4 
 .bss.gfxBottomFramebuffers
                0x0011bc80        0x8 /opt/devkitpro/libctru/lib/libctru.a(gfx.o)
 .bss.gfxTopFramebuffers
                0x0011bc88        0x8 /opt/devkitpro/libctru/lib/libctru.a(gfx.o)
 .bss.flagValue.0
                0x0011bc90        0x1 /opt/devkitpro/libctru/lib/libctru.a(apt.o)
 .bss.flagInit.1
                0x0011bc91        0x1 /opt/devkitpro/libctru/lib/libctru.a(apt.o)
 *fill*         0x0011bc92        0x2 
 .bss.serviceName.6
                0x0011bc94        0x4 /opt/devkitpro/libctru/lib/libctru.a(apt.o)
 .bss.aptChainloadFlags
                0x0011bc98        0x1 /opt/devkitpro/libctru/lib/libctru.a(apt.o)
 .bss.aptChainloadMediatype
                0x0011bc99        0x1 /opt/devkitpro/libctru/lib/libctru.a(apt.o)
 *fill*         0x0011bc9a        0x2 
 .bss.aptChainloadHmac
                0x0011bc9c       0x20 /opt/devkitpro/libctru/lib/libctru.a(apt.o)
 .bss.aptChainloadDeliverArg
                0x0011bcbc      0x300 /opt/devkitpro/libctru/lib/libctru.a(apt.o)
 *fill*         0x0011bfbc        0x4 
 .bss.aptChainloadTid
                0x0011bfc0        0x8 /opt/devkitpro/libctru/lib/libctru.a(apt.o)
 .bss.aptParameters
                0x0011bfc8     0x1000 /opt/devkitpro/libctru/lib/libctru.a(apt.o)
 .bss.aptFlags  0x0011cfc8        0x4 /opt/devkitpro/libctru/lib/libctru.a(apt.o)
 .bss.aptHomeButtonState
                0x0011cfcc        0x1 /opt/devkitpro/libctru/lib/libctru.a(apt.o)
 *fill*         0x0011cfcd        0x3 
 .bss.aptMessageFuncData
                0x0011cfd0        0x4 /opt/devkitpro/libctru/lib/libctru.a(apt.o)
 .bss.aptMessageFunc
                0x0011cfd4        0x4 /opt/devkitpro/libctru/lib/libctru.a(apt.o)
 .bss.aptFirstHook
                0x0011cfd8        0xc /opt/devkitpro/libctru/lib/libctru.a(apt.o)
 .bss.aptEventHandlerThreadQuit
                0x0011cfe4        0x1 /opt/devkitpro/libctru/lib/libctru.a(apt.o)
 *fill*         0x0011cfe5        0x3 
 .bss.aptEventHandlerThread
                0x0011cfe8        0x4 /opt/devkitpro/libctru/lib/libctru.a(apt.o)
 .bss.aptSleepEvent
                0x0011cfec        0x8 /opt/devkitpro/libctru/lib/libctru.a(apt.o)
 .bss.aptReceiveEvent
                0x0011cff4        0x8 /opt/devkitpro/libctru/lib/libctru.a(apt.o)
 .bss.aptEvents
                0x0011cffc        0x8 /opt/devkitpro/libctru/lib/libctru.a(apt.o)
 .bss.aptLockHandle
                0x0011d004        0x4 /opt/devkitpro/libctru/lib/libctru.a(apt.o)
 .bss.aptRefCount
                0x0011d008        0x4 /opt/devkitpro/libctru/lib/libctru.a(apt.o)
 .bss.gspEventCbOneShot
                0x0011d00c        0x7 /opt/devkitpro/libctru/lib/libctru.a(gspgpu.o)
 *fill*         0x0011d013        0x1 
 .bss.gspEventCbData
                0x0011d014       0x1c /opt/devkitpro/libctru/lib/libctru.a(gspgpu.o)
 .bss.gspEventCb
                0x0011d030       0x1c /opt/devkitpro/libctru/lib/libctru.a(gspgpu.o)
 .bss.gspEvents
                0x0011d04c       0x38 /opt/devkitpro/libctru/lib/libctru.a(gspgpu.o)
 .bss.gspLastEvent
                0x0011d084        0x4 /opt/devkitpro/libctru/lib/libctru.a(gspgpu.o)
 .bss.gspRunEvents
                0x0011d088        0x1 /opt/devkitpro/libctru/lib/libctru.a(gspgpu.o)
 *fill*         0x0011d089        0x3 
 .bss.gspEventThread
                0x0011d08c        0x4 /opt/devkitpro/libctru/lib/libctru.a(gspgpu.o)
 .bss.gspEvent  0x0011d090        0x4 /opt/devkitpro/libctru/lib/libctru.a(gspgpu.o)
 .bss.gspGpuRight
                0x0011d094        0x1 /opt/devkitpro/libctru/lib/libctru.a(gspgpu.o)
 .bss.gspThreadId
                0x0011d095        0x1 /opt/devkitpro/libctru/lib/libctru.a(gspgpu.o)
 *fill*         0x0011d096        0x2 
 .bss.gspSharedMem
                0x0011d098        0x4 /opt/devkitpro/libctru/lib/libctru.a(gspgpu.o)
 .bss.gspSharedMemHandle
                0x0011d09c        0x4 /opt/devkitpro/libctru/lib/libctru.a(gspgpu.o)
 .bss.gspRefCount
                0x0011d0a0        0x4 /opt/devkitpro/libctru/lib/libctru.a(gspgpu.o)
 .bss.gspGpuHandle
                0x0011d0a4        0x4 /opt/devkitpro/libctru/lib/libctru.a(gspgpu.o)
 .bss.__system_retAddr
                0x0011d0a8        0x4 /opt/devkitpro/libctru/lib/libctru.a(ctru_init.o)
                0x0011d0a8                __system_retAddr
 .bss.__system_argv
                0x0011d0ac        0x4 /opt/devkitpro/libctru/lib/libctru.a(initArgv.o)
                0x0011d0ac                __system_argv
 .bss.__system_argc
                0x0011d0b0        0x4 /opt/devkitpro/libctru/lib/libctru.a(initArgv.o)
                0x0011d0b0                __system_argc
 .bss.saved_stack.42
                0x0011d0b4        0x8 /opt/devkitpro/libctru/lib/libctru.a(stack_adjust.o)
 *fill*         0x0011d0bc        0x4 
 .bss._ZL11sLinearPool
                0x0011d0c0        0x8 /opt/devkitpro/libctru/lib/libctru.a(linear.o)
 .bss._ZL8sAddrMap
                0x0011d0c8        0xc /opt/devkitpro/libctru/lib/libctru.a(linear.o)
 *fill*         0x0011d0d4        0x4 
 .bss._ZL10sVramPoolB
                0x0011d0d8        0x8 /opt/devkitpro/libctru/lib/libctru.a(vram.o)
 .bss._ZL10sVramPoolA
                0x0011d0e0        0x8 /opt/devkitpro/libctru/lib/libctru.a(vram.o)
 .bss._ZL8sAddrMap
                0x0011d0e8        0xc /opt/devkitpro/libctru/lib/libctru.a(vram.o)
 .bss.__3dslink_host
                0x0011d0f4        0x4 /opt/devkitpro/libctru/lib/libctru.a(3dslink.o)
                0x0011d0f4                __3dslink_host
 .bss.__ctru_speedup
                0x0011d0f8        0x1 /opt/devkitpro/libctru/lib/libctru.a(os.o)
                0x0011d0f8                __ctru_speedup
 *fill*         0x0011d0f9        0x3 
 .bss.srvRefCount
                0x0011d0fc        0x4 /opt/devkitpro/libctru/lib/libctru.a(srv.o)
 .bss.srvHandle
                0x0011d100        0x4 /opt/devkitpro/libctru/lib/libctru.a(srv.o)
 .bss.arbiter   0x0011d104        0x4 /opt/devkitpro/libctru/lib/libctru.a(synchronization.o)
 .bss.currentAddr
                0x0011d108        0x4 /opt/devkitpro/libctru/lib/libctru.a(mappable.o)
 .bss.maxAddr   0x0011d10c        0x4 /opt/devkitpro/libctru/lib/libctru.a(mappable.o)
 .bss.minAddr   0x0011d110        0x4 /opt/devkitpro/libctru/lib/libctru.a(mappable.o)
 .bss.ptmSysmRefCount
                0x0011d114        0x4 /opt/devkitpro/libctru/lib/libctru.a(ptmsysm.o)
 .bss.ptmSysmHandle
                0x0011d118        0x4 /opt/devkitpro/libctru/lib/libctru.a(ptmsysm.o)
 .bss.srvPmHandle
                0x0011d11c        0x4 /opt/devkitpro/libctru/lib/libctru.a(srvpm.o)
 .bss.__ctru_linear_heap_size
                0x0011d120        0x4 /opt/devkitpro/libctru/lib/libctru.a(allocateHeaps.o)
                0x0011d120                __ctru_linear_heap_size
 .bss.__ctru_heap_size
                0x0011d124        0x4 /opt/devkitpro/libctru/lib/libctru.a(allocateHeaps.o)
                0x0011d124                __ctru_heap_size
 .bss.__ctru_linear_heap
                0x0011d128        0x4 /opt/devkitpro/libctru/lib/libctru.a(allocateHeaps.o)
                0x0011d128                __ctru_linear_heap
 .bss.__ctru_heap
                0x0011d12c        0x4 /opt/devkitpro/libctru/lib/libctru.a(allocateHeaps.o)
                0x0011d12c                __ctru_heap
 .bss.archive_devices
                0x0011d130      0x5c0 /opt/devkitpro/libctru/lib/libctru.a(archive_dev.o)
 .bss.archive_device_cwd
                0x0011d6f0        0x4 /opt/devkitpro/libctru/lib/libctru.a(archive_dev.o)
 .bss.archive_initialized
                0x0011d6f4        0x1 /opt/devkitpro/libctru/lib/libctru.a(archive_dev.o)
 *fill*         0x0011d6f5        0x3 
 .bss.fsExemptArchives
                0x0011d6f8       0x80 /opt/devkitpro/libctru/lib/libctru.a(fs.o)
 .bss.fsuRefCount
                0x0011d778        0x4 /opt/devkitpro/libctru/lib/libctru.a(fs.o)
 .bss.fsuHandle
                0x0011d77c        0x4 /opt/devkitpro/libctru/lib/libctru.a(fs.o)
 .bss.usingIrrst
                0x0011d780        0x1 /opt/devkitpro/libctru/lib/libctru.a(hid.o)
 *fill*         0x0011d781        0x3 
 .bss.hidRefCount
                0x0011d784        0x4 /opt/devkitpro/libctru/lib/libctru.a(hid.o)
 .bss.kUp       0x0011d788        0x4 /opt/devkitpro/libctru/lib/libctru.a(hid.o)
 .bss.kDown     0x0011d78c        0x4 /opt/devkitpro/libctru/lib/libctru.a(hid.o)
 .bss.kHeld     0x0011d790        0x4 /opt/devkitpro/libctru/lib/libctru.a(hid.o)
 .bss.kOld      0x0011d794        0x4 /opt/devkitpro/libctru/lib/libctru.a(hid.o)
 .bss.hidSharedMem
                0x0011d798        0x4 /opt/devkitpro/libctru/lib/libctru.a(hid.o)
                0x0011d798                hidSharedMem
 .bss.hidEvents
                0x0011d79c       0x14 /opt/devkitpro/libctru/lib/libctru.a(hid.o)
                0x0011d79c                hidEvents
 .bss.hidMemHandle
                0x0011d7b0        0x4 /opt/devkitpro/libctru/lib/libctru.a(hid.o)
                0x0011d7b0                hidMemHandle
 .bss.hidHandle
                0x0011d7b4        0x4 /opt/devkitpro/libctru/lib/libctru.a(hid.o)
                0x0011d7b4                hidHandle
 .bss.irrstRefCount
                0x0011d7b8        0x4 /opt/devkitpro/libctru/lib/libctru.a(irrst.o)
 .bss.kHeld     0x0011d7bc        0x4 /opt/devkitpro/libctru/lib/libctru.a(irrst.o)